Archive member included to satisfy reference by file (symbol)

/home/martian/Ac6/SystemWorkbench/plugins/fr.ac6.mcu.externaltools.arm-none.linux64_1.15.0.201708311556/tools/compiler/bin/../lib/gcc/arm-none-eabi/6.3.1/thumb/v7e-m/fpv4-sp/hard/libgcc.a(_aeabi_uldivmod.o)
                              Drivers/STM32F4xx_HAL_Driver/Src/stm32f4xx_hal_rcc.o (__aeabi_uldivmod)
/home/martian/Ac6/SystemWorkbench/plugins/fr.ac6.mcu.externaltools.arm-none.linux64_1.15.0.201708311556/tools/compiler/bin/../lib/gcc/arm-none-eabi/6.3.1/thumb/v7e-m/fpv4-sp/hard/libgcc.a(_udivmoddi4.o)
                              /home/martian/Ac6/SystemWorkbench/plugins/fr.ac6.mcu.externaltools.arm-none.linux64_1.15.0.201708311556/tools/compiler/bin/../lib/gcc/arm-none-eabi/6.3.1/thumb/v7e-m/fpv4-sp/hard/libgcc.a(_aeabi_uldivmod.o) (__udivmoddi4)
/home/martian/Ac6/SystemWorkbench/plugins/fr.ac6.mcu.externaltools.arm-none.linux64_1.15.0.201708311556/tools/compiler/bin/../lib/gcc/arm-none-eabi/6.3.1/thumb/v7e-m/fpv4-sp/hard/libgcc.a(_dvmd_tls.o)
                              /home/martian/Ac6/SystemWorkbench/plugins/fr.ac6.mcu.externaltools.arm-none.linux64_1.15.0.201708311556/tools/compiler/bin/../lib/gcc/arm-none-eabi/6.3.1/thumb/v7e-m/fpv4-sp/hard/libgcc.a(_aeabi_uldivmod.o) (__aeabi_ldiv0)
/home/martian/Ac6/SystemWorkbench/plugins/fr.ac6.mcu.externaltools.arm-none.linux64_1.15.0.201708311556/tools/compiler/bin/../lib/gcc/arm-none-eabi/6.3.1/../../../../arm-none-eabi/lib/thumb/v7e-m/fpv4-sp/hard/libc_nano.a(lib_a-exit.o)
                              /home/martian/Ac6/SystemWorkbench/plugins/fr.ac6.mcu.externaltools.arm-none.linux64_1.15.0.201708311556/tools/compiler/bin/../lib/gcc/arm-none-eabi/6.3.1/../../../../arm-none-eabi/lib/thumb/v7e-m/fpv4-sp/hard/crt0.o (exit)
/home/martian/Ac6/SystemWorkbench/plugins/fr.ac6.mcu.externaltools.arm-none.linux64_1.15.0.201708311556/tools/compiler/bin/../lib/gcc/arm-none-eabi/6.3.1/../../../../arm-none-eabi/lib/thumb/v7e-m/fpv4-sp/hard/libc_nano.a(lib_a-impure.o)
                              /home/martian/Ac6/SystemWorkbench/plugins/fr.ac6.mcu.externaltools.arm-none.linux64_1.15.0.201708311556/tools/compiler/bin/../lib/gcc/arm-none-eabi/6.3.1/../../../../arm-none-eabi/lib/thumb/v7e-m/fpv4-sp/hard/libc_nano.a(lib_a-exit.o) (_global_impure_ptr)
/home/martian/Ac6/SystemWorkbench/plugins/fr.ac6.mcu.externaltools.arm-none.linux64_1.15.0.201708311556/tools/compiler/bin/../lib/gcc/arm-none-eabi/6.3.1/../../../../arm-none-eabi/lib/thumb/v7e-m/fpv4-sp/hard/libc_nano.a(lib_a-init.o)
                              /home/martian/Ac6/SystemWorkbench/plugins/fr.ac6.mcu.externaltools.arm-none.linux64_1.15.0.201708311556/tools/compiler/bin/../lib/gcc/arm-none-eabi/6.3.1/../../../../arm-none-eabi/lib/thumb/v7e-m/fpv4-sp/hard/crt0.o (__libc_init_array)
/home/martian/Ac6/SystemWorkbench/plugins/fr.ac6.mcu.externaltools.arm-none.linux64_1.15.0.201708311556/tools/compiler/bin/../lib/gcc/arm-none-eabi/6.3.1/../../../../arm-none-eabi/lib/thumb/v7e-m/fpv4-sp/hard/libc_nano.a(lib_a-malloc.o)
                              Middlewares/ST/STM32_USB_Device_Library/Class/CDC/Src/usbd_cdc.o (malloc)
/home/martian/Ac6/SystemWorkbench/plugins/fr.ac6.mcu.externaltools.arm-none.linux64_1.15.0.201708311556/tools/compiler/bin/../lib/gcc/arm-none-eabi/6.3.1/../../../../arm-none-eabi/lib/thumb/v7e-m/fpv4-sp/hard/libc_nano.a(lib_a-memset.o)
                              /home/martian/Ac6/SystemWorkbench/plugins/fr.ac6.mcu.externaltools.arm-none.linux64_1.15.0.201708311556/tools/compiler/bin/../lib/gcc/arm-none-eabi/6.3.1/../../../../arm-none-eabi/lib/thumb/v7e-m/fpv4-sp/hard/crt0.o (memset)
/home/martian/Ac6/SystemWorkbench/plugins/fr.ac6.mcu.externaltools.arm-none.linux64_1.15.0.201708311556/tools/compiler/bin/../lib/gcc/arm-none-eabi/6.3.1/../../../../arm-none-eabi/lib/thumb/v7e-m/fpv4-sp/hard/libc_nano.a(lib_a-nano-freer.o)
                              /home/martian/Ac6/SystemWorkbench/plugins/fr.ac6.mcu.externaltools.arm-none.linux64_1.15.0.201708311556/tools/compiler/bin/../lib/gcc/arm-none-eabi/6.3.1/../../../../arm-none-eabi/lib/thumb/v7e-m/fpv4-sp/hard/libc_nano.a(lib_a-malloc.o) (_free_r)
/home/martian/Ac6/SystemWorkbench/plugins/fr.ac6.mcu.externaltools.arm-none.linux64_1.15.0.201708311556/tools/compiler/bin/../lib/gcc/arm-none-eabi/6.3.1/../../../../arm-none-eabi/lib/thumb/v7e-m/fpv4-sp/hard/libc_nano.a(lib_a-nano-mallocr.o)
                              /home/martian/Ac6/SystemWorkbench/plugins/fr.ac6.mcu.externaltools.arm-none.linux64_1.15.0.201708311556/tools/compiler/bin/../lib/gcc/arm-none-eabi/6.3.1/../../../../arm-none-eabi/lib/thumb/v7e-m/fpv4-sp/hard/libc_nano.a(lib_a-malloc.o) (_malloc_r)
/home/martian/Ac6/SystemWorkbench/plugins/fr.ac6.mcu.externaltools.arm-none.linux64_1.15.0.201708311556/tools/compiler/bin/../lib/gcc/arm-none-eabi/6.3.1/../../../../arm-none-eabi/lib/thumb/v7e-m/fpv4-sp/hard/libc_nano.a(lib_a-sbrkr.o)
[...]
Memory Configuration

Name             Origin             Length             Attributes
RAM              0x0000000020000000 0x0000000000020000 xrw
CCMRAM           0x0000000010000000 0x0000000000010000 rw
FLASH            0x0000000008000000 0x0000000000100000 xr
*default*        0x0000000000000000 0xffffffffffffffff

Linker script and memory map

LOAD /home/martian/Ac6/SystemWorkbench/plugins/fr.ac6.mcu.externaltools.arm-none.linux64_1.15.0.201708311556/tools/compiler/bin/../lib/gcc/arm-none-eabi/6.3.1/thumb/v7e-m/fpv4-sp/hard/crti.o
LOAD /home/martian/Ac6/SystemWorkbench/plugins/fr.ac6.mcu.externaltools.arm-none.linux64_1.15.0.201708311556/tools/compiler/bin/../lib/gcc/arm-none-eabi/6.3.1/thumb/v7e-m/fpv4-sp/hard/crtbegin.o
LOAD /home/martian/Ac6/SystemWorkbench/plugins/fr.ac6.mcu.externaltools.arm-none.linux64_1.15.0.201708311556/tools/compiler/bin/../lib/gcc/arm-none-eabi/6.3.1/../../../../arm-none-eabi/lib/thumb/v7e-m/fpv4-sp/hard/crt0.o
LOAD Core/Src/main.o
LOAD Core/Src/stm32f4xx_hal_msp.o
LOAD Core/Src/stm32f4xx_it.o
LOAD Core/Src/system_stm32f4xx.o
LOAD Drivers/STM32F4xx_HAL_Driver/Src/stm32f4xx_hal.o
LOAD Drivers/STM32F4xx_HAL_Driver/Src/stm32f4xx_hal_cortex.o
LOAD Drivers/STM32F4xx_HAL_Driver/Src/stm32f4xx_hal_dma.o
LOAD Drivers/STM32F4xx_HAL_Driver/Src/stm32f4xx_hal_dma_ex.o
LOAD Drivers/STM32F4xx_HAL_Driver/Src/stm32f4xx_hal_flash.o
LOAD Drivers/STM32F4xx_HAL_Driver/Src/stm32f4xx_hal_flash_ex.o
LOAD Drivers/STM32F4xx_HAL_Driver/Src/stm32f4xx_hal_flash_ramfunc.o
LOAD Drivers/STM32F4xx_HAL_Driver/Src/stm32f4xx_hal_gpio.o
LOAD Drivers/STM32F4xx_HAL_Driver/Src/stm32f4xx_hal_pcd.o
LOAD Drivers/STM32F4xx_HAL_Driver/Src/stm32f4xx_hal_pcd_ex.o
LOAD Drivers/STM32F4xx_HAL_Driver/Src/stm32f4xx_hal_pwr.o
LOAD Drivers/STM32F4xx_HAL_Driver/Src/stm32f4xx_hal_pwr_ex.o
LOAD Drivers/STM32F4xx_HAL_Driver/Src/stm32f4xx_hal_rcc.o
LOAD Drivers/STM32F4xx_HAL_Driver/Src/stm32f4xx_hal_rcc_ex.o
LOAD Drivers/STM32F4xx_HAL_Driver/Src/stm32f4xx_hal_tim.o
LOAD Drivers/STM32F4xx_HAL_Driver/Src/stm32f4xx_hal_tim_ex.o
LOAD Drivers/STM32F4xx_HAL_Driver/Src/stm32f4xx_ll_usb.o
LOAD Middlewares/ST/STM32_USB_Device_Library/Class/CDC/Src/usbd_cdc.o
LOAD Middlewares/ST/STM32_USB_Device_Library/Core/Src/usbd_core.o
LOAD Middlewares/ST/STM32_USB_Device_Library/Core/Src/usbd_ctlreq.o
LOAD Middlewares/ST/STM32_USB_Device_Library/Core/Src/usbd_ioreq.o
LOAD USB_DEVICE/usb_device.o
LOAD USB_DEVICE/usbd_cdc_if.o
LOAD USB_DEVICE/usbd_conf.o
LOAD USB_DEVICE/usbd_desc.o
LOAD startup/startup_stm32f407xx.o
LOAD /home/martian/Ac6/SystemWorkbench/plugins/fr.ac6.mcu.externaltools.arm-none.linux64_1.15.0.201708311556/tools/compiler/bin/../lib/gcc/arm-none-eabi/6.3.1/../../../../arm-none-eabi/lib/thumb/v7e-m/fpv4-sp/hard/libm.a
START GROUP
LOAD /home/martian/Ac6/SystemWorkbench/plugins/fr.ac6.mcu.externaltools.arm-none.linux64_1.15.0.201708311556/tools/compiler/bin/../lib/gcc/arm-none-eabi/6.3.1/thumb/v7e-m/fpv4-sp/hard/libgcc.a
LOAD /home/martian/Ac6/SystemWorkbench/plugins/fr.ac6.mcu.externaltools.arm-none.linux64_1.15.0.201708311556/tools/compiler/bin/../lib/gcc/arm-none-eabi/6.3.1/../../../../arm-none-eabi/lib/thumb/v7e-m/fpv4-sp/hard/libc_nano.a
END GROUP
START GROUP
LOAD /home/martian/Ac6/SystemWorkbench/plugins/fr.ac6.mcu.externaltools.arm-none.linux64_1.15.0.201708311556/tools/compiler/bin/../lib/gcc/arm-none-eabi/6.3.1/thumb/v7e-m/fpv4-sp/hard/libgcc.a
LOAD /home/martian/Ac6/SystemWorkbench/plugins/fr.ac6.mcu.externaltools.arm-none.linux64_1.15.0.201708311556/tools/compiler/bin/../lib/gcc/arm-none-eabi/6.3.1/../../../../arm-none-eabi/lib/thumb/v7e-m/fpv4-sp/hard/libc_nano.a
LOAD /home/martian/Ac6/SystemWorkbench/plugins/fr.ac6.mcu.externaltools.arm-none.linux64_1.15.0.201708311556/tools/compiler/bin/../lib/gcc/arm-none-eabi/6.3.1/../../../../arm-none-eabi/lib/thumb/v7e-m/fpv4-sp/hard/libnosys.a
END GROUP
START GROUP
LOAD /home/martian/Ac6/SystemWorkbench/plugins/fr.ac6.mcu.externaltools.arm-none.linux64_1.15.0.201708311556/tools/compiler/bin/../lib/gcc/arm-none-eabi/6.3.1/thumb/v7e-m/fpv4-sp/hard/libgcc.a
LOAD /home/martian/Ac6/SystemWorkbench/plugins/fr.ac6.mcu.externaltools.arm-none.linux64_1.15.0.201708311556/tools/compiler/bin/../lib/gcc/arm-none-eabi/6.3.1/../../../../arm-none-eabi/lib/thumb/v7e-m/fpv4-sp/hard/libc_nano.a
LOAD /home/martian/Ac6/SystemWorkbench/plugins/fr.ac6.mcu.externaltools.arm-none.linux64_1.15.0.201708311556/tools/compiler/bin/../lib/gcc/arm-none-eabi/6.3.1/../../../../arm-none-eabi/lib/thumb/v7e-m/fpv4-sp/hard/libnosys.a
END GROUP
LOAD /home/martian/Ac6/SystemWorkbench/plugins/fr.ac6.mcu.externaltools.arm-none.linux64_1.15.0.201708311556/tools/compiler/bin/../lib/gcc/arm-none-eabi/6.3.1/thumb/v7e-m/fpv4-sp/hard/crtend.o
LOAD /home/martian/Ac6/SystemWorkbench/plugins/fr.ac6.mcu.externaltools.arm-none.linux64_1.15.0.201708311556/tools/compiler/bin/../lib/gcc/arm-none-eabi/6.3.1/thumb/v7e-m/fpv4-sp/hard/crtn.o
                0x0000000020020000                _estack = 0x20020000
                0x0000000000000200                _Min_Heap_Size = 0x200
                0x0000000000000400                _Min_Stack_Size = 0x400

.isr_vector     0x0000000008000000      0x188
                0x0000000008000000                . = ALIGN (0x4)
 *(.isr_vector)
 .isr_vector    0x0000000008000000      0x188 startup/startup_stm32f407xx.o
                0x0000000008000000                g_pfnVectors
                0x0000000008000188                . = ALIGN (0x4)

.text           0x0000000008000188     0x352c
                0x0000000008000188                . = ALIGN (0x4)
 *(.text)
 .text          0x0000000008000188       0x6c /home/martian/Ac6/SystemWorkbench/plugins/fr.ac6.mcu.externaltools.arm-none.linux64_1.15.0.201708311556/tools/compiler/bin/../lib/gcc/arm-none-eabi/6.3.1/thumb/v7e-m/fpv4-sp/hard/crtbegin.o
 .text          0x00000000080001f4       0x30 /home/martian/Ac6/SystemWorkbench/plugins/fr.ac6.mcu.externaltools.arm-none.linux64_1.15.0.201708311556/tools/compiler/bin/../lib/gcc/arm-none-eabi/6.3.1/thumb/v7e-m/fpv4-sp/hard/libgcc.a(_aeabi_uldivmod.o)
                0x00000000080001f4                __aeabi_uldivmod
 .text          0x0000000008000224      0x2dc /home/martian/Ac6/SystemWorkbench/plugins/fr.ac6.mcu.externaltools.arm-none.linux64_1.15.0.201708311556/tools/compiler/bin/../lib/gcc/arm-none-eabi/6.3.1/thumb/v7e-m/fpv4-sp/hard/libgcc.a(_udivmoddi4.o)
                0x0000000008000224                __udivmoddi4
 .text          0x0000000008000500        0x4 /home/martian/Ac6/SystemWorkbench/plugins/fr.ac6.mcu.externaltools.arm-none.linux64_1.15.0.201708311556/tools/compiler/bin/../lib/gcc/arm-none-eabi/6.3.1/thumb/v7e-m/fpv4-sp/hard/libgcc.a(_dvmd_tls.o)
                0x0000000008000500                __aeabi_ldiv0
                0x0000000008000500                __aeabi_idiv0
 *(.text*)
 .text.MX_GPIO_Init
                0x0000000008000504       0x74 Core/Src/main.o
 .text._Error_Handler
                0x0000000008000578        0x2 Core/Src/main.o
                0x0000000008000578                _Error_Handler
 *fill*         0x000000000800057a        0x2 
 .text.SystemClock_Config
                0x000000000800057c       0xc8 Core/Src/main.o
                0x000000000800057c                SystemClock_Config
 .text.main     0x0000000008000644       0x14 Core/Src/main.o
                0x0000000008000644                main
 .text.HAL_MspInit
                0x0000000008000658       0x94 Core/Src/stm32f4xx_hal_msp.o
                0x0000000008000658                HAL_MspInit
 .text.NMI_Handler
                0x00000000080006ec        0x2 Core/Src/stm32f4xx_it.o
                0x00000000080006ec                NMI_Handler
 .text.HardFault_Handler
                0x00000000080006ee        0x2 Core/Src/stm32f4xx_it.o
                0x00000000080006ee                HardFault_Handler
 .text.MemManage_Handler
                0x00000000080006f0        0x2 Core/Src/stm32f4xx_it.o
                0x00000000080006f0                MemManage_Handler
 .text.BusFault_Handler
                0x00000000080006f2        0x2 Core/Src/stm32f4xx_it.o
                0x00000000080006f2                BusFault_Handler
 .text.UsageFault_Handler
                0x00000000080006f4        0x2 Core/Src/stm32f4xx_it.o
                0x00000000080006f4                UsageFault_Handler
 .text.SVC_Handler
                0x00000000080006f6        0x2 Core/Src/stm32f4xx_it.o
                0x00000000080006f6                SVC_Handler
 .text.DebugMon_Handler
                0x00000000080006f8        0x2 Core/Src/stm32f4xx_it.o
                0x00000000080006f8                DebugMon_Handler
 .text.PendSV_Handler
                0x00000000080006fa        0x2 Core/Src/stm32f4xx_it.o
                0x00000000080006fa                PendSV_Handler
 .text.SysTick_Handler
                0x00000000080006fc        0xc Core/Src/stm32f4xx_it.o
                0x00000000080006fc                SysTick_Handler
 .text.OTG_FS_IRQHandler
                0x0000000008000708       0x10 Core/Src/stm32f4xx_it.o
                0x0000000008000708                OTG_FS_IRQHandler
 .text.SystemInit
                0x0000000008000718       0x4c Core/Src/system_stm32f4xx.o
                0x0000000008000718                SystemInit
 .text.HAL_InitTick
                0x0000000008000764       0x48 Drivers/STM32F4xx_HAL_Driver/Src/stm32f4xx_hal.o
                0x0000000008000764                HAL_InitTick
 .text.HAL_Init
                0x00000000080007ac       0x34 Drivers/STM32F4xx_HAL_Driver/Src/stm32f4xx_hal.o
                0x00000000080007ac                HAL_Init
 .text.HAL_IncTick
                0x00000000080007e0       0x18 Drivers/STM32F4xx_HAL_Driver/Src/stm32f4xx_hal.o
                0x00000000080007e0                HAL_IncTick
 .text.HAL_GetTick
                0x00000000080007f8        0xc Drivers/STM32F4xx_HAL_Driver/Src/stm32f4xx_hal.o
                0x00000000080007f8                HAL_GetTick
 .text.HAL_Delay
                0x0000000008000804       0x28 Drivers/STM32F4xx_HAL_Driver/Src/stm32f4xx_hal.o
                0x0000000008000804                HAL_Delay
 .text.HAL_NVIC_SetPriorityGrouping
                0x000000000800082c       0x24 Drivers/STM32F4xx_HAL_Driver/Src/stm32f4xx_hal_cortex.o
                0x000000000800082c                HAL_NVIC_SetPriorityGrouping
 .text.HAL_NVIC_SetPriority
                0x0000000008000850       0x64 Drivers/STM32F4xx_HAL_Driver/Src/stm32f4xx_hal_cortex.o
                0x0000000008000850                HAL_NVIC_SetPriority
 .text.HAL_NVIC_EnableIRQ
                0x00000000080008b4       0x18 Drivers/STM32F4xx_HAL_Driver/Src/stm32f4xx_hal_cortex.o
                0x00000000080008b4                HAL_NVIC_EnableIRQ
 .text.HAL_SYSTICK_Config
                0x00000000080008cc       0x2c Drivers/STM32F4xx_HAL_Driver/Src/stm32f4xx_hal_cortex.o
                0x00000000080008cc                HAL_SYSTICK_Config
 .text.HAL_SYSTICK_CLKSourceConfig
                0x00000000080008f8       0x20 Drivers/STM32F4xx_HAL_Driver/Src/stm32f4xx_hal_cortex.o
                0x00000000080008f8                HAL_SYSTICK_CLKSourceConfig
 .text.HAL_SYSTICK_Callback
                0x0000000008000918        0x2 Drivers/STM32F4xx_HAL_Driver/Src/stm32f4xx_hal_cortex.o
                0x0000000008000918                HAL_SYSTICK_Callback
 .text.HAL_SYSTICK_IRQHandler
                0x000000000800091a        0x8 Drivers/STM32F4xx_HAL_Driver/Src/stm32f4xx_hal_cortex.o
                0x000000000800091a                HAL_SYSTICK_IRQHandler
 *fill*         0x0000000008000922        0x2 
 .text.HAL_GPIO_Init
                0x0000000008000924      0x1cc Drivers/STM32F4xx_HAL_Driver/Src/stm32f4xx_hal_gpio.o
                0x0000000008000924                HAL_GPIO_Init
 .text.HAL_GPIO_WritePin
                0x0000000008000af0        0xc Drivers/STM32F4xx_HAL_Driver/Src/stm32f4xx_hal_gpio.o
                0x0000000008000af0                HAL_GPIO_WritePin
 .text.HAL_GPIO_TogglePin
                0x0000000008000afc        0x8 Drivers/STM32F4xx_HAL_Driver/Src/stm32f4xx_hal_gpio.o
                0x0000000008000afc                HAL_GPIO_TogglePin
 .text.PCD_WriteEmptyTxFifo
                0x0000000008000b04       0xac Drivers/STM32F4xx_HAL_Driver/Src/stm32f4xx_hal_pcd.o
 .text.HAL_PCD_Init
                0x0000000008000bb0       0xe0 Drivers/STM32F4xx_HAL_Driver/Src/stm32f4xx_hal_pcd.o
                0x0000000008000bb0                HAL_PCD_Init
 .text.HAL_PCD_Start
                0x0000000008000c90       0x2a Drivers/STM32F4xx_HAL_Driver/Src/stm32f4xx_hal_pcd.o
                0x0000000008000c90                HAL_PCD_Start
 *fill*         0x0000000008000cba        0x2 
 .text.HAL_PCD_IRQHandler
                0x0000000008000cbc      0x5c4 Drivers/STM32F4xx_HAL_Driver/Src/stm32f4xx_hal_pcd.o
                0x0000000008000cbc                HAL_PCD_IRQHandler
 .text.HAL_PCD_SetAddress
                0x0000000008001280       0x24 Drivers/STM32F4xx_HAL_Driver/Src/stm32f4xx_hal_pcd.o
                0x0000000008001280                HAL_PCD_SetAddress
 .text.HAL_PCD_EP_Open
                0x00000000080012a4       0x68 Drivers/STM32F4xx_HAL_Driver/Src/stm32f4xx_hal_pcd.o
                0x00000000080012a4                HAL_PCD_EP_Open
 .text.HAL_PCD_EP_Close
                0x000000000800130c       0x56 Drivers/STM32F4xx_HAL_Driver/Src/stm32f4xx_hal_pcd.o
                0x000000000800130c                HAL_PCD_EP_Close
 .text.HAL_PCD_EP_Receive
                0x0000000008001362       0x5a Drivers/STM32F4xx_HAL_Driver/Src/stm32f4xx_hal_pcd.o
                0x0000000008001362                HAL_PCD_EP_Receive
 .text.HAL_PCD_EP_GetRxCount
                0x00000000080013bc       0x12 Drivers/STM32F4xx_HAL_Driver/Src/stm32f4xx_hal_pcd.o
                0x00000000080013bc                HAL_PCD_EP_GetRxCount
 .text.HAL_PCD_EP_Transmit
                0x00000000080013ce       0x52 Drivers/STM32F4xx_HAL_Driver/Src/stm32f4xx_hal_pcd.o
                0x00000000080013ce                HAL_PCD_EP_Transmit
 .text.HAL_PCD_EP_SetStall
                0x0000000008001420       0x66 Drivers/STM32F4xx_HAL_Driver/Src/stm32f4xx_hal_pcd.o
                0x0000000008001420                HAL_PCD_EP_SetStall
 .text.HAL_PCD_EP_ClrStall
                0x0000000008001486       0x56 Drivers/STM32F4xx_HAL_Driver/Src/stm32f4xx_hal_pcd.o
                0x0000000008001486                HAL_PCD_EP_ClrStall
 .text.HAL_PCDEx_SetTxFiFo
                0x00000000080014dc       0x48 Drivers/STM32F4xx_HAL_Driver/Src/stm32f4xx_hal_pcd_ex.o
                0x00000000080014dc                HAL_PCDEx_SetTxFiFo
 .text.HAL_PCDEx_SetRxFiFo
                0x0000000008001524        0x8 Drivers/STM32F4xx_HAL_Driver/Src/stm32f4xx_hal_pcd_ex.o
                0x0000000008001524                HAL_PCDEx_SetRxFiFo
 .text.HAL_RCC_OscConfig
                0x000000000800152c      0x398 Drivers/STM32F4xx_HAL_Driver/Src/stm32f4xx_hal_rcc.o
                0x000000000800152c                HAL_RCC_OscConfig
 .text.HAL_RCC_GetSysClockFreq
                0x00000000080018c4       0xd4 Drivers/STM32F4xx_HAL_Driver/Src/stm32f4xx_hal_rcc.o
                0x00000000080018c4                HAL_RCC_GetSysClockFreq
 .text.HAL_RCC_ClockConfig
                0x0000000008001998      0x158 Drivers/STM32F4xx_HAL_Driver/Src/stm32f4xx_hal_rcc.o
                0x0000000008001998                HAL_RCC_ClockConfig
 .text.HAL_RCC_GetHCLKFreq
                0x0000000008001af0        0xc Drivers/STM32F4xx_HAL_Driver/Src/stm32f4xx_hal_rcc.o
                0x0000000008001af0                HAL_RCC_GetHCLKFreq
 .text.USB_CoreInit
                0x0000000008001afc       0x7c Drivers/STM32F4xx_HAL_Driver/Src/stm32f4xx_ll_usb.o
                0x0000000008001afc                USB_CoreInit
 .text.USB_EnableGlobalInt
                0x0000000008001b78        0xc Drivers/STM32F4xx_HAL_Driver/Src/stm32f4xx_ll_usb.o
                0x0000000008001b78                USB_EnableGlobalInt
 .text.USB_DisableGlobalInt
                0x0000000008001b84        0xc Drivers/STM32F4xx_HAL_Driver/Src/stm32f4xx_ll_usb.o
                0x0000000008001b84                USB_DisableGlobalInt
 .text.USB_SetCurrentMode
                0x0000000008001b90       0x2c Drivers/STM32F4xx_HAL_Driver/Src/stm32f4xx_ll_usb.o
                0x0000000008001b90                USB_SetCurrentMode
 .text.USB_DevInit
                0x0000000008001bbc      0x150 Drivers/STM32F4xx_HAL_Driver/Src/stm32f4xx_ll_usb.o
                0x0000000008001bbc                USB_DevInit
 .text.USB_FlushTxFifo
                0x0000000008001d0c       0x28 Drivers/STM32F4xx_HAL_Driver/Src/stm32f4xx_ll_usb.o
                0x0000000008001d0c                USB_FlushTxFifo
 .text.USB_FlushRxFifo
                0x0000000008001d34       0x24 Drivers/STM32F4xx_HAL_Driver/Src/stm32f4xx_ll_usb.o
                0x0000000008001d34                USB_FlushRxFifo
 .text.USB_SetDevSpeed
                0x0000000008001d58        0xe Drivers/STM32F4xx_HAL_Driver/Src/stm32f4xx_ll_usb.o
                0x0000000008001d58                USB_SetDevSpeed
 .text.USB_GetDevSpeed
                0x0000000008001d66       0x40 Drivers/STM32F4xx_HAL_Driver/Src/stm32f4xx_ll_usb.o
                0x0000000008001d66                USB_GetDevSpeed
 .text.USB_ActivateEndpoint
                0x0000000008001da6       0x92 Drivers/STM32F4xx_HAL_Driver/Src/stm32f4xx_ll_usb.o
                0x0000000008001da6                USB_ActivateEndpoint
 .text.USB_DeactivateEndpoint
                0x0000000008001e38       0xf0 Drivers/STM32F4xx_HAL_Driver/Src/stm32f4xx_ll_usb.o
                0x0000000008001e38                USB_DeactivateEndpoint
 .text.USB_EPStartXfer
                0x0000000008001f28      0x264 Drivers/STM32F4xx_HAL_Driver/Src/stm32f4xx_ll_usb.o
                0x0000000008001f28                USB_EPStartXfer
 .text.USB_EP0StartXfer
                0x000000000800218c      0x160 Drivers/STM32F4xx_HAL_Driver/Src/stm32f4xx_ll_usb.o
                0x000000000800218c                USB_EP0StartXfer
 .text.USB_WritePacket
                0x00000000080022ec       0x28 Drivers/STM32F4xx_HAL_Driver/Src/stm32f4xx_ll_usb.o
                0x00000000080022ec                USB_WritePacket
 .text.USB_ReadPacket
                0x0000000008002314       0x28 Drivers/STM32F4xx_HAL_Driver/Src/stm32f4xx_ll_usb.o
                0x0000000008002314                USB_ReadPacket
 .text.USB_EPSetStall
                0x000000000800233c       0x64 Drivers/STM32F4xx_HAL_Driver/Src/stm32f4xx_ll_usb.o
                0x000000000800233c                USB_EPSetStall
 .text.USB_EPClearStall
                0x00000000080023a0       0x6a Drivers/STM32F4xx_HAL_Driver/Src/stm32f4xx_ll_usb.o
                0x00000000080023a0                USB_EPClearStall
 .text.USB_SetDevAddress
                0x000000000800240a       0x20 Drivers/STM32F4xx_HAL_Driver/Src/stm32f4xx_ll_usb.o
                0x000000000800240a                USB_SetDevAddress
 .text.USB_DevConnect
                0x000000000800242a       0x18 Drivers/STM32F4xx_HAL_Driver/Src/stm32f4xx_ll_usb.o
                0x000000000800242a                USB_DevConnect
 .text.USB_DevDisconnect
                0x0000000008002442       0x18 Drivers/STM32F4xx_HAL_Driver/Src/stm32f4xx_ll_usb.o
                0x0000000008002442                USB_DevDisconnect
 .text.USB_ReadInterrupts
                0x000000000800245a        0x8 Drivers/STM32F4xx_HAL_Driver/Src/stm32f4xx_ll_usb.o
                0x000000000800245a                USB_ReadInterrupts
 .text.USB_ReadDevAllOutEpInterrupt
                0x0000000008002462       0x10 Drivers/STM32F4xx_HAL_Driver/Src/stm32f4xx_ll_usb.o
                0x0000000008002462                USB_ReadDevAllOutEpInterrupt
 .text.USB_ReadDevAllInEpInterrupt
                0x0000000008002472       0x10 Drivers/STM32F4xx_HAL_Driver/Src/stm32f4xx_ll_usb.o
                0x0000000008002472                USB_ReadDevAllInEpInterrupt
 .text.USB_ReadDevOutEPInterrupt
                0x0000000008002482       0x12 Drivers/STM32F4xx_HAL_Driver/Src/stm32f4xx_ll_usb.o
                0x0000000008002482                USB_ReadDevOutEPInterrupt
 .text.USB_ReadDevInEPInterrupt
                0x0000000008002494       0x1c Drivers/STM32F4xx_HAL_Driver/Src/stm32f4xx_ll_usb.o
                0x0000000008002494                USB_ReadDevInEPInterrupt
 .text.USB_GetMode
                0x00000000080024b0        0x8 Drivers/STM32F4xx_HAL_Driver/Src/stm32f4xx_ll_usb.o
                0x00000000080024b0                USB_GetMode
 .text.USB_ActivateSetup
                0x00000000080024b8       0x38 Drivers/STM32F4xx_HAL_Driver/Src/stm32f4xx_ll_usb.o
                0x00000000080024b8                USB_ActivateSetup
 .text.USB_EP0_OutStart
                0x00000000080024f0       0x46 Drivers/STM32F4xx_HAL_Driver/Src/stm32f4xx_ll_usb.o
                0x00000000080024f0                USB_EP0_OutStart
 *fill*         0x0000000008002536        0x2 
 .text.USB_CoreReset
                0x0000000008002538       0x3c Drivers/STM32F4xx_HAL_Driver/Src/stm32f4xx_ll_usb.o
 .text.USBD_CDC_DataIn
                0x0000000008002574       0x12 Middlewares/ST/STM32_USB_Device_Library/Class/CDC/Src/usbd_cdc.o
 .text.USBD_CDC_EP0_RxReady
                0x0000000008002586       0x28 Middlewares/ST/STM32_USB_Device_Library/Class/CDC/Src/usbd_cdc.o
 *fill*         0x00000000080025ae        0x2 
 .text.USBD_CDC_GetFSCfgDesc
                0x00000000080025b0        0xc Middlewares/ST/STM32_USB_Device_Library/Class/CDC/Src/usbd_cdc.o
 .text.USBD_CDC_GetHSCfgDesc
                0x00000000080025bc        0xc Middlewares/ST/STM32_USB_Device_Library/Class/CDC/Src/usbd_cdc.o
 .text.USBD_CDC_GetOtherSpeedCfgDesc
                0x00000000080025c8        0xc Middlewares/ST/STM32_USB_Device_Library/Class/CDC/Src/usbd_cdc.o
 .text.USBD_CDC_GetDeviceQualifierDescriptor
                0x00000000080025d4        0xc Middlewares/ST/STM32_USB_Device_Library/Class/CDC/Src/usbd_cdc.o
                0x00000000080025d4                USBD_CDC_GetDeviceQualifierDescriptor
 .text.USBD_CDC_DataOut
                0x00000000080025e0       0x2e Middlewares/ST/STM32_USB_Device_Library/Class/CDC/Src/usbd_cdc.o
 *fill*         0x000000000800260e        0x2 
 .text.USBD_CDC_Setup
                0x0000000008002610       0x74 Middlewares/ST/STM32_USB_Device_Library/Class/CDC/Src/usbd_cdc.o
 .text.USBD_CDC_DeInit
                0x0000000008002684       0x3a Middlewares/ST/STM32_USB_Device_Library/Class/CDC/Src/usbd_cdc.o
 .text.USBD_CDC_Init
                0x00000000080026be       0x96 Middlewares/ST/STM32_USB_Device_Library/Class/CDC/Src/usbd_cdc.o
 .text.USBD_CDC_RegisterInterface
                0x0000000008002754        0xe Middlewares/ST/STM32_USB_Device_Library/Class/CDC/Src/usbd_cdc.o
                0x0000000008002754                USBD_CDC_RegisterInterface
 .text.USBD_CDC_SetTxBuffer
                0x0000000008002762       0x10 Middlewares/ST/STM32_USB_Device_Library/Class/CDC/Src/usbd_cdc.o
                0x0000000008002762                USBD_CDC_SetTxBuffer
 .text.USBD_CDC_SetRxBuffer
                0x0000000008002772        0xc Middlewares/ST/STM32_USB_Device_Library/Class/CDC/Src/usbd_cdc.o
                0x0000000008002772                USBD_CDC_SetRxBuffer
 .text.USBD_CDC_ReceivePacket
                0x000000000800277e       0x32 Middlewares/ST/STM32_USB_Device_Library/Class/CDC/Src/usbd_cdc.o
                0x000000000800277e                USBD_CDC_ReceivePacket
 .text.USBD_Init
                0x00000000080027b0       0x2e Middlewares/ST/STM32_USB_Device_Library/Core/Src/usbd_core.o
                0x00000000080027b0                USBD_Init
 .text.USBD_RegisterClass
                0x00000000080027de        0xe Middlewares/ST/STM32_USB_Device_Library/Core/Src/usbd_core.o
                0x00000000080027de                USBD_RegisterClass
 .text.USBD_Start
                0x00000000080027ec        0xa Middlewares/ST/STM32_USB_Device_Library/Core/Src/usbd_core.o
                0x00000000080027ec                USBD_Start
 .text.USBD_SetClassConfig
                0x00000000080027f6       0x1a Middlewares/ST/STM32_USB_Device_Library/Core/Src/usbd_core.o
                0x00000000080027f6                USBD_SetClassConfig
 .text.USBD_ClrClassConfig
                0x0000000008002810        0xe Middlewares/ST/STM32_USB_Device_Library/Core/Src/usbd_core.o
                0x0000000008002810                USBD_ClrClassConfig
 .text.USBD_LL_SetupStage
                0x000000000800281e       0x5a Middlewares/ST/STM32_USB_Device_Library/Core/Src/usbd_core.o
                0x000000000800281e                USBD_LL_SetupStage
 .text.USBD_LL_DataOutStage
                0x0000000008002878       0x6a Middlewares/ST/STM32_USB_Device_Library/Core/Src/usbd_core.o
                0x0000000008002878                USBD_LL_DataOutStage
 .text.USBD_LL_DataInStage
                0x00000000080028e2       0xb2 Middlewares/ST/STM32_USB_Device_Library/Core/Src/usbd_core.o
                0x00000000080028e2                USBD_LL_DataInStage
 .text.USBD_LL_Reset
                0x0000000008002994       0x3e Middlewares/ST/STM32_USB_Device_Library/Core/Src/usbd_core.o
                0x0000000008002994                USBD_LL_Reset
 .text.USBD_LL_SetSpeed
                0x00000000080029d2        0x6 Middlewares/ST/STM32_USB_Device_Library/Core/Src/usbd_core.o
                0x00000000080029d2                USBD_LL_SetSpeed
 .text.USBD_LL_Suspend
                0x00000000080029d8       0x12 Middlewares/ST/STM32_USB_Device_Library/Core/Src/usbd_core.o
                0x00000000080029d8                USBD_LL_Suspend
 .text.USBD_LL_Resume
                0x00000000080029ea        0xc Middlewares/ST/STM32_USB_Device_Library/Core/Src/usbd_core.o
                0x00000000080029ea                USBD_LL_Resume
 .text.USBD_LL_SOF
                0x00000000080029f6       0x1c Middlewares/ST/STM32_USB_Device_Library/Core/Src/usbd_core.o
                0x00000000080029f6                USBD_LL_SOF
 .text.USBD_LL_IsoINIncomplete
                0x0000000008002a12        0x4 Middlewares/ST/STM32_USB_Device_Library/Core/Src/usbd_core.o
                0x0000000008002a12                USBD_LL_IsoINIncomplete
 .text.USBD_LL_IsoOUTIncomplete
                0x0000000008002a16        0x4 Middlewares/ST/STM32_USB_Device_Library/Core/Src/usbd_core.o
                0x0000000008002a16                USBD_LL_IsoOUTIncomplete
 .text.USBD_LL_DevConnected
                0x0000000008002a1a        0x4 Middlewares/ST/STM32_USB_Device_Library/Core/Src/usbd_core.o
                0x0000000008002a1a                USBD_LL_DevConnected
 .text.USBD_LL_DevDisconnected
                0x0000000008002a1e       0x16 Middlewares/ST/STM32_USB_Device_Library/Core/Src/usbd_core.o
                0x0000000008002a1e                USBD_LL_DevDisconnected
 .text.USBD_GetLen
                0x0000000008002a34       0x14 Middlewares/ST/STM32_USB_Device_Library/Core/Src/usbd_ctlreq.o
 .text.USBD_SetFeature
                0x0000000008002a48       0x20 Middlewares/ST/STM32_USB_Device_Library/Core/Src/usbd_ctlreq.o
 .text.USBD_ParseSetupRequest
                0x0000000008002a68       0x28 Middlewares/ST/STM32_USB_Device_Library/Core/Src/usbd_ctlreq.o
                0x0000000008002a68                USBD_ParseSetupRequest
 .text.USBD_CtlError
                0x0000000008002a90       0x14 Middlewares/ST/STM32_USB_Device_Library/Core/Src/usbd_ctlreq.o
                0x0000000008002a90                USBD_CtlError
 .text.USBD_GetDescriptor
                0x0000000008002aa4      0x132 Middlewares/ST/STM32_USB_Device_Library/Core/Src/usbd_ctlreq.o
 .text.USBD_SetAddress
                0x0000000008002bd6       0x4a Middlewares/ST/STM32_USB_Device_Library/Core/Src/usbd_ctlreq.o
 .text.USBD_SetConfig
                0x0000000008002c20       0xa4 Middlewares/ST/STM32_USB_Device_Library/Core/Src/usbd_ctlreq.o
 .text.USBD_GetConfig
                0x0000000008002cc4       0x3a Middlewares/ST/STM32_USB_Device_Library/Core/Src/usbd_ctlreq.o
 .text.USBD_GetStatus
                0x0000000008002cfe       0x2c Middlewares/ST/STM32_USB_Device_Library/Core/Src/usbd_ctlreq.o
 .text.USBD_ClrFeature
                0x0000000008002d2a       0x32 Middlewares/ST/STM32_USB_Device_Library/Core/Src/usbd_ctlreq.o
 .text.USBD_StdDevReq
                0x0000000008002d5c       0x48 Middlewares/ST/STM32_USB_Device_Library/Core/Src/usbd_ctlreq.o
                0x0000000008002d5c                USBD_StdDevReq
 .text.USBD_StdItfReq
                0x0000000008002da4       0x38 Middlewares/ST/STM32_USB_Device_Library/Core/Src/usbd_ctlreq.o
                0x0000000008002da4                USBD_StdItfReq
 .text.USBD_StdEPReq
                0x0000000008002ddc      0x118 Middlewares/ST/STM32_USB_Device_Library/Core/Src/usbd_ctlreq.o
                0x0000000008002ddc                USBD_StdEPReq
 .text.USBD_GetString
                0x0000000008002ef4       0x3a Middlewares/ST/STM32_USB_Device_Library/Core/Src/usbd_ctlreq.o
                0x0000000008002ef4                USBD_GetString
 .text.USBD_CtlSendData
                0x0000000008002f2e       0x1a Middlewares/ST/STM32_USB_Device_Library/Core/Src/usbd_ioreq.o
                0x0000000008002f2e                USBD_CtlSendData
 .text.USBD_CtlContinueSendData
                0x0000000008002f48       0x10 Middlewares/ST/STM32_USB_Device_Library/Core/Src/usbd_ioreq.o
                0x0000000008002f48                USBD_CtlContinueSendData
 .text.USBD_CtlPrepareRx
                0x0000000008002f58       0x1e Middlewares/ST/STM32_USB_Device_Library/Core/Src/usbd_ioreq.o
                0x0000000008002f58                USBD_CtlPrepareRx
 .text.USBD_CtlContinueRx
                0x0000000008002f76       0x10 Middlewares/ST/STM32_USB_Device_Library/Core/Src/usbd_ioreq.o
                0x0000000008002f76                USBD_CtlContinueRx
 .text.USBD_CtlSendStatus
                0x0000000008002f86       0x16 Middlewares/ST/STM32_USB_Device_Library/Core/Src/usbd_ioreq.o
                0x0000000008002f86                USBD_CtlSendStatus
 .text.USBD_CtlReceiveStatus
                0x0000000008002f9c       0x16 Middlewares/ST/STM32_USB_Device_Library/Core/Src/usbd_ioreq.o
                0x0000000008002f9c                USBD_CtlReceiveStatus
 *fill*         0x0000000008002fb2        0x2 
 .text.MX_USB_DEVICE_Init
                0x0000000008002fb4       0x38 USB_DEVICE/usb_device.o
                0x0000000008002fb4                MX_USB_DEVICE_Init
 .text.CDC_DeInit_FS
                0x0000000008002fec        0x4 USB_DEVICE/usbd_cdc_if.o
 .text.CDC_Control_FS
                0x0000000008002ff0        0x4 USB_DEVICE/usbd_cdc_if.o
 .text.CDC_Receive_FS
                0x0000000008002ff4       0x94 USB_DEVICE/usbd_cdc_if.o
 .text.CDC_Init_FS
                0x0000000008003088       0x28 USB_DEVICE/usbd_cdc_if.o
 .text.HAL_PCD_MspInit
                0x00000000080030b0       0x68 USB_DEVICE/usbd_conf.o
                0x00000000080030b0                HAL_PCD_MspInit
 .text.HAL_PCD_SetupStageCallback
                0x0000000008003118       0x10 USB_DEVICE/usbd_conf.o
                0x0000000008003118                HAL_PCD_SetupStageCallback
 .text.HAL_PCD_DataOutStageCallback
                0x0000000008003128       0x18 USB_DEVICE/usbd_conf.o
                0x0000000008003128                HAL_PCD_DataOutStageCallback
 .text.HAL_PCD_DataInStageCallback
                0x0000000008003140       0x16 USB_DEVICE/usbd_conf.o
                0x0000000008003140                HAL_PCD_DataInStageCallback
 .text.HAL_PCD_SOFCallback
                0x0000000008003156        0xc USB_DEVICE/usbd_conf.o
                0x0000000008003156                HAL_PCD_SOFCallback
 .text.HAL_PCD_ResetCallback
                0x0000000008003162       0x20 USB_DEVICE/usbd_conf.o
                0x0000000008003162                HAL_PCD_ResetCallback
 *fill*         0x0000000008003182        0x2 
 .text.HAL_PCD_SuspendCallback
                0x0000000008003184       0x30 USB_DEVICE/usbd_conf.o
                0x0000000008003184                HAL_PCD_SuspendCallback
 .text.HAL_PCD_ResumeCallback
                0x00000000080031b4        0xc USB_DEVICE/usbd_conf.o
                0x00000000080031b4                HAL_PCD_ResumeCallback
 .text.HAL_PCD_ISOOUTIncompleteCallback
                0x00000000080031c0        0xc USB_DEVICE/usbd_conf.o
                0x00000000080031c0                HAL_PCD_ISOOUTIncompleteCallback
 .text.HAL_PCD_ISOINIncompleteCallback
                0x00000000080031cc        0xc USB_DEVICE/usbd_conf.o
                0x00000000080031cc                HAL_PCD_ISOINIncompleteCallback
 .text.HAL_PCD_ConnectCallback
                0x00000000080031d8        0xc USB_DEVICE/usbd_conf.o
                0x00000000080031d8                HAL_PCD_ConnectCallback
 .text.HAL_PCD_DisconnectCallback
                0x00000000080031e4        0xc USB_DEVICE/usbd_conf.o
                0x00000000080031e4                HAL_PCD_DisconnectCallback
 .text.USBD_LL_Init
                0x00000000080031f0       0x74 USB_DEVICE/usbd_conf.o
                0x00000000080031f0                USBD_LL_Init
 .text.USBD_LL_Start
                0x0000000008003264       0x1c USB_DEVICE/usbd_conf.o
                0x0000000008003264                USBD_LL_Start
 .text.USBD_LL_OpenEP
                0x0000000008003280       0x22 USB_DEVICE/usbd_conf.o
                0x0000000008003280                USBD_LL_OpenEP
 .text.USBD_LL_CloseEP
                0x00000000080032a2       0x1c USB_DEVICE/usbd_conf.o
                0x00000000080032a2                USBD_LL_CloseEP
 .text.USBD_LL_StallEP
                0x00000000080032be       0x1c USB_DEVICE/usbd_conf.o
                0x00000000080032be                USBD_LL_StallEP
 .text.USBD_LL_ClearStallEP
                0x00000000080032da       0x1c USB_DEVICE/usbd_conf.o
                0x00000000080032da                USBD_LL_ClearStallEP
 .text.USBD_LL_IsStallEP
                0x00000000080032f6       0x2e USB_DEVICE/usbd_conf.o
                0x00000000080032f6                USBD_LL_IsStallEP
 .text.USBD_LL_SetUSBAddress
                0x0000000008003324       0x1c USB_DEVICE/usbd_conf.o
                0x0000000008003324                USBD_LL_SetUSBAddress
 .text.USBD_LL_Transmit
                0x0000000008003340       0x1c USB_DEVICE/usbd_conf.o
                0x0000000008003340                USBD_LL_Transmit
 .text.USBD_LL_PrepareReceive
                0x000000000800335c       0x1c USB_DEVICE/usbd_conf.o
                0x000000000800335c                USBD_LL_PrepareReceive
 .text.USBD_LL_GetRxDataSize
                0x0000000008003378        0xc USB_DEVICE/usbd_conf.o
                0x0000000008003378                USBD_LL_GetRxDataSize
 .text.USBD_FS_DeviceDescriptor
                0x0000000008003384        0xc USB_DEVICE/usbd_desc.o
                0x0000000008003384                USBD_FS_DeviceDescriptor
 .text.USBD_FS_LangIDStrDescriptor
                0x0000000008003390        0xc USB_DEVICE/usbd_desc.o
                0x0000000008003390                USBD_FS_LangIDStrDescriptor
 .text.USBD_FS_ProductStrDescriptor
                0x000000000800339c       0x24 USB_DEVICE/usbd_desc.o
                0x000000000800339c                USBD_FS_ProductStrDescriptor
 .text.USBD_FS_ManufacturerStrDescriptor
                0x00000000080033c0       0x1c USB_DEVICE/usbd_desc.o
                0x00000000080033c0                USBD_FS_ManufacturerStrDescriptor
 .text.USBD_FS_SerialStrDescriptor
                0x00000000080033dc       0x24 USB_DEVICE/usbd_desc.o
                0x00000000080033dc                USBD_FS_SerialStrDescriptor
 .text.USBD_FS_ConfigStrDescriptor
                0x0000000008003400       0x24 USB_DEVICE/usbd_desc.o
                0x0000000008003400                USBD_FS_ConfigStrDescriptor
 .text.USBD_FS_InterfaceStrDescriptor
                0x0000000008003424       0x24 USB_DEVICE/usbd_desc.o
                0x0000000008003424                USBD_FS_InterfaceStrDescriptor
 .text.Reset_Handler
                0x0000000008003448       0x50 startup/startup_stm32f407xx.o
                0x0000000008003448                Reset_Handler
 .text.Default_Handler
                0x0000000008003498        0x2 startup/startup_stm32f407xx.o
                0x0000000008003498                RTC_Alarm_IRQHandler
                0x0000000008003498                HASH_RNG_IRQHandler
                0x0000000008003498                EXTI2_IRQHandler
                0x0000000008003498                TIM8_CC_IRQHandler
                0x0000000008003498                TIM1_CC_IRQHandler
                0x0000000008003498                DMA2_Stream5_IRQHandler
                0x0000000008003498                DMA1_Stream5_IRQHandler
                0x0000000008003498                PVD_IRQHandler
                0x0000000008003498                SDIO_IRQHandler
                0x0000000008003498                TAMP_STAMP_IRQHandler
                0x0000000008003498                CAN2_RX1_IRQHandler
                0x0000000008003498                EXTI3_IRQHandler
                0x0000000008003498                TIM8_TRG_COM_TIM14_IRQHandler
                0x0000000008003498                TIM1_UP_TIM10_IRQHandler
                0x0000000008003498                TIM8_UP_TIM13_IRQHandler
                0x0000000008003498                I2C3_ER_IRQHandler
                0x0000000008003498                EXTI0_IRQHandler
                0x0000000008003498                I2C2_EV_IRQHandler
                0x0000000008003498                DMA1_Stream2_IRQHandler
                0x0000000008003498                CAN1_RX0_IRQHandler
                0x0000000008003498                FPU_IRQHandler
                0x0000000008003498                OTG_HS_WKUP_IRQHandler
                0x0000000008003498                CAN2_SCE_IRQHandler
                0x0000000008003498                DMA2_Stream2_IRQHandler
                0x0000000008003498                SPI1_IRQHandler
                0x0000000008003498                TIM6_DAC_IRQHandler
                0x0000000008003498                TIM1_BRK_TIM9_IRQHandler
                0x0000000008003498                DCMI_IRQHandler
                0x0000000008003498                CAN2_RX0_IRQHandler
                0x0000000008003498                DMA2_Stream3_IRQHandler
                0x0000000008003498                USART6_IRQHandler
                0x0000000008003498                USART3_IRQHandler
                0x0000000008003498                CAN1_RX1_IRQHandler
                0x0000000008003498                UART5_IRQHandler
                0x0000000008003498                DMA2_Stream0_IRQHandler
                0x0000000008003498                TIM4_IRQHandler
                0x0000000008003498                I2C1_EV_IRQHandler
                0x0000000008003498                DMA1_Stream6_IRQHandler
                0x0000000008003498                DMA1_Stream1_IRQHandler
                0x0000000008003498                UART4_IRQHandler
                0x0000000008003498                TIM3_IRQHandler
                0x0000000008003498                RCC_IRQHandler
                0x0000000008003498                TIM8_BRK_TIM12_IRQHandler
                0x0000000008003498                Default_Handler
                0x0000000008003498                EXTI15_10_IRQHandler
                0x0000000008003498                ADC_IRQHandler
                0x0000000008003498                DMA1_Stream7_IRQHandler
                0x0000000008003498                TIM7_IRQHandler
                0x0000000008003498                CAN2_TX_IRQHandler
                0x0000000008003498                TIM5_IRQHandler
                0x0000000008003498                DMA2_Stream7_IRQHandler
                0x0000000008003498                I2C3_EV_IRQHandler
                0x0000000008003498                EXTI9_5_IRQHandler
                0x0000000008003498                RTC_WKUP_IRQHandler
                0x0000000008003498                ETH_WKUP_IRQHandler
                0x0000000008003498                SPI2_IRQHandler
                0x0000000008003498                OTG_HS_EP1_IN_IRQHandler
                0x0000000008003498                DMA1_Stream0_IRQHandler
                0x0000000008003498                CAN1_TX_IRQHandler
                0x0000000008003498                EXTI4_IRQHandler
                0x0000000008003498                FSMC_IRQHandler
                0x0000000008003498                ETH_IRQHandler
                0x0000000008003498                OTG_HS_EP1_OUT_IRQHandler
                0x0000000008003498                WWDG_IRQHandler
                0x0000000008003498                TIM2_IRQHandler
                0x0000000008003498                OTG_FS_WKUP_IRQHandler
                0x0000000008003498                TIM1_TRG_COM_TIM11_IRQHandler
                0x0000000008003498                OTG_HS_IRQHandler
                0x0000000008003498                EXTI1_IRQHandler
                0x0000000008003498                USART2_IRQHandler
                0x0000000008003498                I2C2_ER_IRQHandler
                0x0000000008003498                DMA2_Stream1_IRQHandler
                0x0000000008003498                CAN1_SCE_IRQHandler
                0x0000000008003498                FLASH_IRQHandler
                0x0000000008003498                DMA2_Stream4_IRQHandler
                0x0000000008003498                USART1_IRQHandler
                0x0000000008003498                SPI3_IRQHandler
                0x0000000008003498                DMA1_Stream4_IRQHandler
                0x0000000008003498                I2C1_ER_IRQHandler
                0x0000000008003498                DMA2_Stream6_IRQHandler
                0x0000000008003498                DMA1_Stream3_IRQHandler
 *fill*         0x000000000800349a        0x2 
 .text.__libc_init_array
                0x000000000800349c       0x48 /home/martian/Ac6/SystemWorkbench/plugins/fr.ac6.mcu.externaltools.arm-none.linux64_1.15.0.201708311556/tools/compiler/bin/../lib/gcc/arm-none-eabi/6.3.1/../../../../arm-none-eabi/lib/thumb/v7e-m/fpv4-sp/hard/libc_nano.a(lib_a-init.o)
                0x000000000800349c                __libc_init_array
 .text.malloc   0x00000000080034e4       0x10 /home/martian/Ac6/SystemWorkbench/plugins/fr.ac6.mcu.externaltools.arm-none.linux64_1.15.0.201708311556/tools/compiler/bin/../lib/gcc/arm-none-eabi/6.3.1/../../../../arm-none-eabi/lib/thumb/v7e-m/fpv4-sp/hard/libc_nano.a(lib_a-malloc.o)
                0x00000000080034e4                malloc
 .text.free     0x00000000080034f4       0x10 /home/martian/Ac6/SystemWorkbench/plugins/fr.ac6.mcu.externaltools.arm-none.linux64_1.15.0.201708311556/tools/compiler/bin/../lib/gcc/arm-none-eabi/6.3.1/../../../../arm-none-eabi/lib/thumb/v7e-m/fpv4-sp/hard/libc_nano.a(lib_a-malloc.o)
                0x00000000080034f4                free
 .text._free_r  0x0000000008003504       0x9c /home/martian/Ac6/SystemWorkbench/plugins/fr.ac6.mcu.externaltools.arm-none.linux64_1.15.0.201708311556/tools/compiler/bin/../lib/gcc/arm-none-eabi/6.3.1/../../../../arm-none-eabi/lib/thumb/v7e-m/fpv4-sp/hard/libc_nano.a(lib_a-nano-freer.o)
                0x0000000008003504                _free_r
 .text._malloc_r
                0x00000000080035a0       0xbc /home/martian/Ac6/SystemWorkbench/plugins/fr.ac6.mcu.externaltools.arm-none.linux64_1.15.0.201708311556/tools/compiler/bin/../lib/gcc/arm-none-eabi/6.3.1/../../../../arm-none-eabi/lib/thumb/v7e-m/fpv4-sp/hard/libc_nano.a(lib_a-nano-mallocr.o)
                0x00000000080035a0                _malloc_r
 .text._sbrk_r  0x000000000800365c       0x20 /home/martian/Ac6/SystemWorkbench/plugins/fr.ac6.mcu.externaltools.arm-none.linux64_1.15.0.201708311556/tools/compiler/bin/../lib/gcc/arm-none-eabi/6.3.1/../../../../arm-none-eabi/lib/thumb/v7e-m/fpv4-sp/hard/libc_nano.a(lib_a-sbrkr.o)
                0x000000000800365c                _sbrk_r
 .text.__malloc_lock
                0x000000000800367c        0x2 /home/martian/Ac6/SystemWorkbench/plugins/fr.ac6.mcu.externaltools.arm-none.linux64_1.15.0.201708311556/tools/compiler/bin/../lib/gcc/arm-none-eabi/6.3.1/../../../../arm-none-eabi/lib/thumb/v7e-m/fpv4-sp/hard/libc_nano.a(lib_a-mlock.o)
                0x000000000800367c                __malloc_lock
 .text.__malloc_unlock
                0x000000000800367e        0x2 /home/martian/Ac6/SystemWorkbench/plugins/fr.ac6.mcu.externaltools.arm-none.linux64_1.15.0.201708311556/tools/compiler/bin/../lib/gcc/arm-none-eabi/6.3.1/../../../../arm-none-eabi/lib/thumb/v7e-m/fpv4-sp/hard/libc_nano.a(lib_a-mlock.o)
                0x000000000800367e                __malloc_unlock
 .text._sbrk    0x0000000008003680       0x1c /home/martian/Ac6/SystemWorkbench/plugins/fr.ac6.mcu.externaltools.arm-none.linux64_1.15.0.201708311556/tools/compiler/bin/../lib/gcc/arm-none-eabi/6.3.1/../../../../arm-none-eabi/lib/thumb/v7e-m/fpv4-sp/hard/libnosys.a(sbrk.o)
                0x0000000008003680                _sbrk
 *(.glue_7)
 .glue_7        0x000000000800369c        0x0 linker stubs
 *(.glue_7t)
 .glue_7t       0x000000000800369c        0x0 linker stubs
 *(.eh_frame)
 .eh_frame      0x000000000800369c        0x0 /home/martian/Ac6/SystemWorkbench/plugins/fr.ac6.mcu.externaltools.arm-none.linux64_1.15.0.201708311556/tools/compiler/bin/../lib/gcc/arm-none-eabi/6.3.1/thumb/v7e-m/fpv4-sp/hard/crtbegin.o
 *(.init)
 .init          0x000000000800369c        0x4 /home/martian/Ac6/SystemWorkbench/plugins/fr.ac6.mcu.externaltools.arm-none.linux64_1.15.0.201708311556/tools/compiler/bin/../lib/gcc/arm-none-eabi/6.3.1/thumb/v7e-m/fpv4-sp/hard/crti.o
                0x000000000800369c                _init
 .init          0x00000000080036a0        0x8 /home/martian/Ac6/SystemWorkbench/plugins/fr.ac6.mcu.externaltools.arm-none.linux64_1.15.0.201708311556/tools/compiler/bin/../lib/gcc/arm-none-eabi/6.3.1/thumb/v7e-m/fpv4-sp/hard/crtn.o
 *(.fini)
 .fini          0x00000000080036a8        0x4 /home/martian/Ac6/SystemWorkbench/plugins/fr.ac6.mcu.externaltools.arm-none.linux64_1.15.0.201708311556/tools/compiler/bin/../lib/gcc/arm-none-eabi/6.3.1/thumb/v7e-m/fpv4-sp/hard/crti.o
                0x00000000080036a8                _fini
 .fini          0x00000000080036ac        0x8 /home/martian/Ac6/SystemWorkbench/plugins/fr.ac6.mcu.externaltools.arm-none.linux64_1.15.0.201708311556/tools/compiler/bin/../lib/gcc/arm-none-eabi/6.3.1/thumb/v7e-m/fpv4-sp/hard/crtn.o
                0x00000000080036b4                . = ALIGN (0x4)
                0x00000000080036b4                _etext = .

.vfp11_veneer   0x00000000080036b4        0x0
 .vfp11_veneer  0x00000000080036b4        0x0 linker stubs

.v4_bx          0x00000000080036b4        0x0
 .v4_bx         0x00000000080036b4        0x0 linker stubs

.iplt           0x00000000080036b4        0x0
 .iplt          0x00000000080036b4        0x0 /home/martian/Ac6/SystemWorkbench/plugins/fr.ac6.mcu.externaltools.arm-none.linux64_1.15.0.201708311556/tools/compiler/bin/../lib/gcc/arm-none-eabi/6.3.1/thumb/v7e-m/fpv4-sp/hard/crtbegin.o

.rodata         0x00000000080036b4       0xa0
                0x00000000080036b4                . = ALIGN (0x4)
 *(.rodata)
 .rodata        0x00000000080036b4       0x18 Core/Src/system_stm32f4xx.o
                0x00000000080036b4                AHBPrescTable
                0x00000000080036c4                APBPrescTable
 *(.rodata*)
 .rodata.str1.4
                0x00000000080036cc       0x13 Core/Src/main.o
 *fill*         0x00000000080036df        0x1 
 .rodata.str1.4
                0x00000000080036e0       0x1a USB_DEVICE/usbd_conf.o
 *fill*         0x00000000080036fa        0x2 
 .rodata.str1.4
                0x00000000080036fc       0x58 USB_DEVICE/usbd_desc.o
                                         0x56 (size before relaxing)
                0x0000000008003754                . = ALIGN (0x4)

.ARM.extab
 *(.ARM.extab* .gnu.linkonce.armextab.*)

.ARM            0x0000000008003754        0x8
                0x0000000008003754                __exidx_start = .
 *(.ARM.exidx*)
 .ARM.exidx     0x0000000008003754        0x8 /home/martian/Ac6/SystemWorkbench/plugins/fr.ac6.mcu.externaltools.arm-none.linux64_1.15.0.201708311556/tools/compiler/bin/../lib/gcc/arm-none-eabi/6.3.1/thumb/v7e-m/fpv4-sp/hard/libgcc.a(_udivmoddi4.o)
                0x000000000800375c                __exidx_end = .

.rel.dyn        0x000000000800375c        0x0
 .rel.iplt      0x000000000800375c        0x0 /home/martian/Ac6/SystemWorkbench/plugins/fr.ac6.mcu.externaltools.arm-none.linux64_1.15.0.201708311556/tools/compiler/bin/../lib/gcc/arm-none-eabi/6.3.1/thumb/v7e-m/fpv4-sp/hard/crtbegin.o

.preinit_array  0x000000000800375c        0x0
                0x000000000800375c                PROVIDE (__preinit_array_start, .)
 *(.preinit_array*)
                0x000000000800375c                PROVIDE (__preinit_array_end, .)

.init_array     0x000000000800375c        0x4
                0x000000000800375c                PROVIDE (__init_array_start, .)
 *(SORT(.init_array.*))
 *(.init_array*)
 .init_array    0x000000000800375c        0x4 /home/martian/Ac6/SystemWorkbench/plugins/fr.ac6.mcu.externaltools.arm-none.linux64_1.15.0.201708311556/tools/compiler/bin/../lib/gcc/arm-none-eabi/6.3.1/thumb/v7e-m/fpv4-sp/hard/crtbegin.o
                0x0000000008003760                PROVIDE (__init_array_end, .)

.fini_array     0x0000000008003760        0x4
                [!provide]                        PROVIDE (__fini_array_start, .)
 *(SORT(.fini_array.*))
 *(.fini_array*)
 .fini_array    0x0000000008003760        0x4 /home/martian/Ac6/SystemWorkbench/plugins/fr.ac6.mcu.externaltools.arm-none.linux64_1.15.0.201708311556/tools/compiler/bin/../lib/gcc/arm-none-eabi/6.3.1/thumb/v7e-m/fpv4-sp/hard/crtbegin.o
                [!provide]                        PROVIDE (__fini_array_end, .)
                0x0000000008003764                _sidata = LOADADDR (.data)

.data           0x0000000020000000      0x1c4 load address 0x0000000008003764
                0x0000000020000000                . = ALIGN (0x4)
                0x0000000020000000                _sdata = .
 *(.data)
 .data          0x0000000020000000        0x4 Core/Src/system_stm32f4xx.o
                0x0000000020000000                SystemCoreClock
 .data          0x0000000020000004        0x8 Drivers/STM32F4xx_HAL_Driver/Src/stm32f4xx_hal.o
                0x0000000020000004                uwTickFreq
                0x0000000020000008                uwTickPrio
 .data          0x000000002000000c      0x110 Middlewares/ST/STM32_USB_Device_Library/Class/CDC/Src/usbd_cdc.o
                0x000000002000000c                USBD_CDC_CfgFSDesc
                0x0000000020000050                USBD_CDC_CfgHSDesc
                0x0000000020000094                USBD_CDC_OtherSpeedCfgDesc
                0x00000000200000e4                USBD_CDC
 .data          0x000000002000011c       0x10 USB_DEVICE/usbd_cdc_if.o
                0x000000002000011c                USBD_Interface_fops_FS
 .data          0x000000002000012c       0x34 USB_DEVICE/usbd_desc.o
                0x000000002000012c                USBD_FS_DeviceDesc
                0x0000000020000140                USBD_LangIDDesc
                0x0000000020000144                FS_Desc
 *(.data*)
 .data._impure_ptr
                0x0000000020000160        0x4 /home/martian/Ac6/SystemWorkbench/plugins/fr.ac6.mcu.externaltools.arm-none.linux64_1.15.0.201708311556/tools/compiler/bin/../lib/gcc/arm-none-eabi/6.3.1/../../../../arm-none-eabi/lib/thumb/v7e-m/fpv4-sp/hard/libc_nano.a(lib_a-impure.o)
                0x0000000020000160                _impure_ptr
 .data.impure_data
                0x0000000020000164       0x60 /home/martian/Ac6/SystemWorkbench/plugins/fr.ac6.mcu.externaltools.arm-none.linux64_1.15.0.201708311556/tools/compiler/bin/../lib/gcc/arm-none-eabi/6.3.1/../../../../arm-none-eabi/lib/thumb/v7e-m/fpv4-sp/hard/libc_nano.a(lib_a-impure.o)
                0x00000000200001c4                . = ALIGN (0x4)
                0x00000000200001c4                _edata = .
                0x0000000008003928                _siccmram = LOADADDR (.ccmram)

.jcr            0x00000000200001c4        0x0 load address 0x0000000008003928
 .jcr           0x00000000200001c4        0x0 /home/martian/Ac6/SystemWorkbench/plugins/fr.ac6.mcu.externaltools.arm-none.linux64_1.15.0.201708311556/tools/compiler/bin/../lib/gcc/arm-none-eabi/6.3.1/thumb/v7e-m/fpv4-sp/hard/crtbegin.o

.igot.plt       0x00000000200001c4        0x0 load address 0x0000000008003928
 .igot.plt      0x00000000200001c4        0x0 /home/martian/Ac6/SystemWorkbench/plugins/fr.ac6.mcu.externaltools.arm-none.linux64_1.15.0.201708311556/tools/compiler/bin/../lib/gcc/arm-none-eabi/6.3.1/thumb/v7e-m/fpv4-sp/hard/crtbegin.o

.ccmram         0x0000000010000000        0x0 load address 0x0000000008003928
                0x0000000010000000                . = ALIGN (0x4)
                0x0000000010000000                _sccmram = .
 *(.ccmram)
 *(.ccmram*)
                0x0000000010000000                . = ALIGN (0x4)
                0x0000000010000000                _eccmram = .
                0x0000000010000000                . = ALIGN (0x4)

.bss            0x00000000200001c4     0x1848
                0x00000000200001c4                _sbss = .
                0x00000000200001c4                __bss_start__ = _sbss
 *(.bss)
 .bss           0x00000000200001c4       0x1c /home/martian/Ac6/SystemWorkbench/plugins/fr.ac6.mcu.externaltools.arm-none.linux64_1.15.0.201708311556/tools/compiler/bin/../lib/gcc/arm-none-eabi/6.3.1/thumb/v7e-m/fpv4-sp/hard/crtbegin.o
 .bss           0x00000000200001e0        0x1 Middlewares/ST/STM32_USB_Device_Library/Class/CDC/Src/usbd_cdc.o
 .bss           0x00000000200001e1        0x1 Middlewares/ST/STM32_USB_Device_Library/Core/Src/usbd_ctlreq.o
 *(.bss*)
 *fill*         0x00000000200001e2        0x2 
 .bss.__malloc_free_list
                0x00000000200001e4        0x4 /home/martian/Ac6/SystemWorkbench/plugins/fr.ac6.mcu.externaltools.arm-none.linux64_1.15.0.201708311556/tools/compiler/bin/../lib/gcc/arm-none-eabi/6.3.1/../../../../arm-none-eabi/lib/thumb/v7e-m/fpv4-sp/hard/libc_nano.a(lib_a-nano-mallocr.o)
                0x00000000200001e4                __malloc_free_list
 .bss.__malloc_sbrk_start
                0x00000000200001e8        0x4 /home/martian/Ac6/SystemWorkbench/plugins/fr.ac6.mcu.externaltools.arm-none.linux64_1.15.0.201708311556/tools/compiler/bin/../lib/gcc/arm-none-eabi/6.3.1/../../../../arm-none-eabi/lib/thumb/v7e-m/fpv4-sp/hard/libc_nano.a(lib_a-nano-mallocr.o)
                0x00000000200001e8                __malloc_sbrk_start
 .bss.heap_end.5239
                0x00000000200001ec        0x4 /home/martian/Ac6/SystemWorkbench/plugins/fr.ac6.mcu.externaltools.arm-none.linux64_1.15.0.201708311556/tools/compiler/bin/../lib/gcc/arm-none-eabi/6.3.1/../../../../arm-none-eabi/lib/thumb/v7e-m/fpv4-sp/hard/libnosys.a(sbrk.o)
 *(COMMON)
 COMMON         0x00000000200001f0        0x4 Drivers/STM32F4xx_HAL_Driver/Src/stm32f4xx_hal.o
                0x00000000200001f0                uwTick
 COMMON         0x00000000200001f4      0x224 USB_DEVICE/usb_device.o
                0x00000000200001f4                hUsbDeviceFS
 COMMON         0x0000000020000418     0x1000 USB_DEVICE/usbd_cdc_if.o
                0x0000000020000418                UserRxBufferFS
                0x0000000020000c18                UserTxBufferFS
 COMMON         0x0000000020001418      0x3f0 USB_DEVICE/usbd_conf.o
                0x0000000020001418                hpcd_USB_OTG_FS
 COMMON         0x0000000020001808      0x200 USB_DEVICE/usbd_desc.o
                0x0000000020001808                USBD_StrDesc
 COMMON         0x0000000020001a08        0x4 /home/martian/Ac6/SystemWorkbench/plugins/fr.ac6.mcu.externaltools.arm-none.linux64_1.15.0.201708311556/tools/compiler/bin/../lib/gcc/arm-none-eabi/6.3.1/../../../../arm-none-eabi/lib/thumb/v7e-m/fpv4-sp/hard/libc_nano.a(lib_a-reent.o)
                0x0000000020001a08                errno
                0x0000000020001a0c                . = ALIGN (0x4)
                0x0000000020001a0c                _ebss = .
                0x0000000020001a0c                __bss_end__ = _ebss

._user_heap_stack
                0x0000000020001a0c      0x604
                0x0000000020001a10                . = ALIGN (0x8)
 *fill*         0x0000000020001a0c        0x4 
                0x0000000020001a10                PROVIDE (end, .)
                [!provide]                        PROVIDE (_end, .)
                0x0000000020001c10                . = (. + _Min_Heap_Size)
 *fill*         0x0000000020001a10      0x200 
                0x0000000020002010                . = (. + _Min_Stack_Size)
 *fill*         0x0000000020001c10      0x400 
                0x0000000020002010                . = ALIGN (0x8)

/DISCARD/
 libc.a(*)
 libm.a(*)
 libgcc.a(*)

.ARM.attributes
                0x0000000000000000       0x30
 *(.ARM.attributes)
 .ARM.attributes
                0x0000000000000000       0x22 /home/martian/Ac6/SystemWorkbench/plugins/fr.ac6.mcu.externaltools.arm-none.linux64_1.15.0.201708311556/tools/compiler/bin/../lib/gcc/arm-none-eabi/6.3.1/thumb/v7e-m/fpv4-sp/hard/crti.o
 .ARM.attributes
                0x0000000000000022       0x34 /home/martian/Ac6/SystemWorkbench/plugins/fr.ac6.mcu.externaltools.arm-none.linux64_1.15.0.201708311556/tools/compiler/bin/../lib/gcc/arm-none-eabi/6.3.1/thumb/v7e-m/fpv4-sp/hard/crtbegin.o
 .ARM.attributes
                0x0000000000000056       0x39 Core/Src/main.o
 .ARM.attributes
                0x000000000000008f       0x39 Core/Src/stm32f4xx_hal_msp.o
 .ARM.attributes
                0x00000000000000c8       0x39 Core/Src/stm32f4xx_it.o
 .ARM.attributes
                0x0000000000000101       0x39 Core/Src/system_stm32f4xx.o
 .ARM.attributes
                0x000000000000013a       0x39 Drivers/STM32F4xx_HAL_Driver/Src/stm32f4xx_hal.o
 .ARM.attributes
                0x0000000000000173       0x39 Drivers/STM32F4xx_HAL_Driver/Src/stm32f4xx_hal_cortex.o
 .ARM.attributes
                0x00000000000001ac       0x39 Drivers/STM32F4xx_HAL_Driver/Src/stm32f4xx_hal_gpio.o
 .ARM.attributes
                0x00000000000001e5       0x39 Drivers/STM32F4xx_HAL_Driver/Src/stm32f4xx_hal_pcd.o
 .ARM.attributes
                0x000000000000021e       0x39 Drivers/STM32F4xx_HAL_Driver/Src/stm32f4xx_hal_pcd_ex.o
 .ARM.attributes
                0x0000000000000257       0x39 Drivers/STM32F4xx_HAL_Driver/Src/stm32f4xx_hal_rcc.o
 .ARM.attributes
                0x0000000000000290       0x39 Drivers/STM32F4xx_HAL_Driver/Src/stm32f4xx_ll_usb.o
 .ARM.attributes
                0x00000000000002c9       0x39 Middlewares/ST/STM32_USB_Device_Library/Class/CDC/Src/usbd_cdc.o
 .ARM.attributes
                0x0000000000000302       0x39 Middlewares/ST/STM32_USB_Device_Library/Core/Src/usbd_core.o
 .ARM.attributes
                0x000000000000033b       0x39 Middlewares/ST/STM32_USB_Device_Library/Core/Src/usbd_ctlreq.o
 .ARM.attributes
                0x0000000000000374       0x39 Middlewares/ST/STM32_USB_Device_Library/Core/Src/usbd_ioreq.o
 .ARM.attributes
                0x00000000000003ad       0x39 USB_DEVICE/usb_device.o
 .ARM.attributes
                0x00000000000003e6       0x39 USB_DEVICE/usbd_cdc_if.o
 .ARM.attributes
                0x000000000000041f       0x39 USB_DEVICE/usbd_conf.o
 .ARM.attributes
                0x0000000000000458       0x39 USB_DEVICE/usbd_desc.o
 .ARM.attributes
                0x0000000000000491       0x21 startup/startup_stm32f407xx.o
 .ARM.attributes
                0x00000000000004b2       0x22 /home/martian/Ac6/SystemWorkbench/plugins/fr.ac6.mcu.externaltools.arm-none.linux64_1.15.0.201708311556/tools/compiler/bin/../lib/gcc/arm-none-eabi/6.3.1/thumb/v7e-m/fpv4-sp/hard/libgcc.a(_aeabi_uldivmod.o)
 .ARM.attributes
                0x00000000000004d4       0x34 /home/martian/Ac6/SystemWorkbench/plugins/fr.ac6.mcu.externaltools.arm-none.linux64_1.15.0.201708311556/tools/compiler/bin/../lib/gcc/arm-none-eabi/6.3.1/thumb/v7e-m/fpv4-sp/hard/libgcc.a(_udivmoddi4.o)
 .ARM.attributes
                0x0000000000000508       0x22 /home/martian/Ac6/SystemWorkbench/plugins/fr.ac6.mcu.externaltools.arm-none.linux64_1.15.0.201708311556/tools/compiler/bin/../lib/gcc/arm-none-eabi/6.3.1/thumb/v7e-m/fpv4-sp/hard/libgcc.a(_dvmd_tls.o)
 .ARM.attributes
                0x000000000000052a       0x34 /home/martian/Ac6/SystemWorkbench/plugins/fr.ac6.mcu.externaltools.arm-none.linux64_1.15.0.201708311556/tools/compiler/bin/../lib/gcc/arm-none-eabi/6.3.1/../../../../arm-none-eabi/lib/thumb/v7e-m/fpv4-sp/hard/libc_nano.a(lib_a-impure.o)
 .ARM.attributes
                0x000000000000055e       0x34 /home/martian/Ac6/SystemWorkbench/plugins/fr.ac6.mcu.externaltools.arm-none.linux64_1.15.0.201708311556/tools/compiler/bin/../lib/gcc/arm-none-eabi/6.3.1/../../../../arm-none-eabi/lib/thumb/v7e-m/fpv4-sp/hard/libc_nano.a(lib_a-init.o)
 .ARM.attributes
                0x0000000000000592       0x34 /home/martian/Ac6/SystemWorkbench/plugins/fr.ac6.mcu.externaltools.arm-none.linux64_1.15.0.201708311556/tools/compiler/bin/../lib/gcc/arm-none-eabi/6.3.1/../../../../arm-none-eabi/lib/thumb/v7e-m/fpv4-sp/hard/libc_nano.a(lib_a-malloc.o)
 .ARM.attributes
                0x00000000000005c6       0x34 /home/martian/Ac6/SystemWorkbench/plugins/fr.ac6.mcu.externaltools.arm-none.linux64_1.15.0.201708311556/tools/compiler/bin/../lib/gcc/arm-none-eabi/6.3.1/../../../../arm-none-eabi/lib/thumb/v7e-m/fpv4-sp/hard/libc_nano.a(lib_a-nano-freer.o)
 .ARM.attributes
                0x00000000000005fa       0x34 /home/martian/Ac6/SystemWorkbench/plugins/fr.ac6.mcu.externaltools.arm-none.linux64_1.15.0.201708311556/tools/compiler/bin/../lib/gcc/arm-none-eabi/6.3.1/../../../../arm-none-eabi/lib/thumb/v7e-m/fpv4-sp/hard/libc_nano.a(lib_a-nano-mallocr.o)
 .ARM.attributes
                0x000000000000062e       0x34 /home/martian/Ac6/SystemWorkbench/plugins/fr.ac6.mcu.externaltools.arm-none.linux64_1.15.0.201708311556/tools/compiler/bin/../lib/gcc/arm-none-eabi/6.3.1/../../../../arm-none-eabi/lib/thumb/v7e-m/fpv4-sp/hard/libc_nano.a(lib_a-sbrkr.o)
 .ARM.attributes
                0x0000000000000662       0x34 /home/martian/Ac6/SystemWorkbench/plugins/fr.ac6.mcu.externaltools.arm-none.linux64_1.15.0.201708311556/tools/compiler/bin/../lib/gcc/arm-none-eabi/6.3.1/../../../../arm-none-eabi/lib/thumb/v7e-m/fpv4-sp/hard/libc_nano.a(lib_a-mlock.o)
 .ARM.attributes
                0x0000000000000696       0x34 /home/martian/Ac6/SystemWorkbench/plugins/fr.ac6.mcu.externaltools.arm-none.linux64_1.15.0.201708311556/tools/compiler/bin/../lib/gcc/arm-none-eabi/6.3.1/../../../../arm-none-eabi/lib/thumb/v7e-m/fpv4-sp/hard/libc_nano.a(lib_a-reent.o)
 .ARM.attributes
                0x00000000000006ca       0x34 /home/martian/Ac6/SystemWorkbench/plugins/fr.ac6.mcu.externaltools.arm-none.linux64_1.15.0.201708311556/tools/compiler/bin/../lib/gcc/arm-none-eabi/6.3.1/../../../../arm-none-eabi/lib/thumb/v7e-m/fpv4-sp/hard/libnosys.a(sbrk.o)
 .ARM.attributes
                0x00000000000006fe       0x22 /home/martian/Ac6/SystemWorkbench/plugins/fr.ac6.mcu.externaltools.arm-none.linux64_1.15.0.201708311556/tools/compiler/bin/../lib/gcc/arm-none-eabi/6.3.1/thumb/v7e-m/fpv4-sp/hard/crtn.o
OUTPUT(usb.elf elf32-littlearm)

.debug_info     0x0000000000000000    0x17623
 .debug_info    0x0000000000000000     0x1611 Core/Src/main.o
 .debug_info    0x0000000000001611      0xe6b Core/Src/stm32f4xx_hal_msp.o
 .debug_info    0x000000000000247c      0xe0d Core/Src/stm32f4xx_it.o
 .debug_info    0x0000000000003289      0xd30 Core/Src/system_stm32f4xx.o
 .debug_info    0x0000000000003fb9     0x11dc Drivers/STM32F4xx_HAL_Driver/Src/stm32f4xx_hal.o
 .debug_info    0x0000000000005195     0x175a Drivers/STM32F4xx_HAL_Driver/Src/stm32f4xx_hal_cortex.o
 .debug_info    0x00000000000068ef      0xf97 Drivers/STM32F4xx_HAL_Driver/Src/stm32f4xx_hal_gpio.o
 .debug_info    0x0000000000007886     0x1ca5 Drivers/STM32F4xx_HAL_Driver/Src/stm32f4xx_hal_pcd.o
 .debug_info    0x000000000000952b      0xdd9 Drivers/STM32F4xx_HAL_Driver/Src/stm32f4xx_hal_pcd_ex.o
 .debug_info    0x000000000000a304     0x125f Drivers/STM32F4xx_HAL_Driver/Src/stm32f4xx_hal_rcc.o
 .debug_info    0x000000000000b563     0x1f1c Drivers/STM32F4xx_HAL_Driver/Src/stm32f4xx_ll_usb.o
 .debug_info    0x000000000000d47f     0x158a Middlewares/ST/STM32_USB_Device_Library/Class/CDC/Src/usbd_cdc.o
 .debug_info    0x000000000000ea09     0x1490 Middlewares/ST/STM32_USB_Device_Library/Core/Src/usbd_core.o
 .debug_info    0x000000000000fe99     0x1666 Middlewares/ST/STM32_USB_Device_Library/Core/Src/usbd_ctlreq.o
 .debug_info    0x00000000000114ff      0xfd9 Middlewares/ST/STM32_USB_Device_Library/Core/Src/usbd_ioreq.o
 .debug_info    0x00000000000124d8      0xe91 USB_DEVICE/usb_device.o
 .debug_info    0x0000000000013369     0x124c USB_DEVICE/usbd_cdc_if.o
 .debug_info    0x00000000000145b5     0x2294 USB_DEVICE/usbd_conf.o
 .debug_info    0x0000000000016849      0xd69 USB_DEVICE/usbd_desc.o
 .debug_info    0x00000000000175b2       0x71 startup/startup_stm32f407xx.o

.debug_abbrev   0x0000000000000000     0x3381
 .debug_abbrev  0x0000000000000000      0x291 Core/Src/main.o
 .debug_abbrev  0x0000000000000291      0x232 Core/Src/stm32f4xx_hal_msp.o
 .debug_abbrev  0x00000000000004c3      0x239 Core/Src/stm32f4xx_it.o
 .debug_abbrev  0x00000000000006fc      0x205 Core/Src/system_stm32f4xx.o
 .debug_abbrev  0x0000000000000901      0x2e3 Drivers/STM32F4xx_HAL_Driver/Src/stm32f4xx_hal.o
 .debug_abbrev  0x0000000000000be4      0x3d4 Drivers/STM32F4xx_HAL_Driver/Src/stm32f4xx_hal_cortex.o
 .debug_abbrev  0x0000000000000fb8      0x2a5 Drivers/STM32F4xx_HAL_Driver/Src/stm32f4xx_hal_gpio.o
 .debug_abbrev  0x000000000000125d      0x336 Drivers/STM32F4xx_HAL_Driver/Src/stm32f4xx_hal_pcd.o
 .debug_abbrev  0x0000000000001593      0x24c Drivers/STM32F4xx_HAL_Driver/Src/stm32f4xx_hal_pcd_ex.o
 .debug_abbrev  0x00000000000017df      0x331 Drivers/STM32F4xx_HAL_Driver/Src/stm32f4xx_hal_rcc.o
 .debug_abbrev  0x0000000000001b10      0x304 Drivers/STM32F4xx_HAL_Driver/Src/stm32f4xx_ll_usb.o
 .debug_abbrev  0x0000000000001e14      0x312 Middlewares/ST/STM32_USB_Device_Library/Class/CDC/Src/usbd_cdc.o
 .debug_abbrev  0x0000000000002126      0x2c6 Middlewares/ST/STM32_USB_Device_Library/Core/Src/usbd_core.o
 .debug_abbrev  0x00000000000023ec      0x327 Middlewares/ST/STM32_USB_Device_Library/Core/Src/usbd_ctlreq.o
 .debug_abbrev  0x0000000000002713      0x213 Middlewares/ST/STM32_USB_Device_Library/Core/Src/usbd_ioreq.o
 .debug_abbrev  0x0000000000002926      0x216 USB_DEVICE/usb_device.o
 .debug_abbrev  0x0000000000002b3c      0x2f0 USB_DEVICE/usbd_cdc_if.o
 .debug_abbrev  0x0000000000002e2c      0x2eb USB_DEVICE/usbd_conf.o
 .debug_abbrev  0x0000000000003117      0x258 USB_DEVICE/usbd_desc.o
 .debug_abbrev  0x000000000000336f       0x12 startup/startup_stm32f407xx.o

.debug_aranges  0x0000000000000000      0xa08
 .debug_aranges
                0x0000000000000000       0x38 Core/Src/main.o
 .debug_aranges
                0x0000000000000038       0x20 Core/Src/stm32f4xx_hal_msp.o
 .debug_aranges
                0x0000000000000058       0x68 Core/Src/stm32f4xx_it.o
 .debug_aranges
                0x00000000000000c0       0x28 Core/Src/system_stm32f4xx.o
 .debug_aranges
                0x00000000000000e8       0xe0 Drivers/STM32F4xx_HAL_Driver/Src/stm32f4xx_hal.o
 .debug_aranges
                0x00000000000001c8       0xa8 Drivers/STM32F4xx_HAL_Driver/Src/stm32f4xx_hal_cortex.o
 .debug_aranges
                0x0000000000000270       0x58 Drivers/STM32F4xx_HAL_Driver/Src/stm32f4xx_hal_gpio.o
 .debug_aranges
                0x00000000000002c8      0x120 Drivers/STM32F4xx_HAL_Driver/Src/stm32f4xx_hal_pcd.o
 .debug_aranges
                0x00000000000003e8       0x28 Drivers/STM32F4xx_HAL_Driver/Src/stm32f4xx_hal_pcd_ex.o
 .debug_aranges
                0x0000000000000410       0x88 Drivers/STM32F4xx_HAL_Driver/Src/stm32f4xx_hal_rcc.o
 .debug_aranges
                0x0000000000000498      0x180 Drivers/STM32F4xx_HAL_Driver/Src/stm32f4xx_ll_usb.o
 .debug_aranges
                0x0000000000000618       0x90 Middlewares/ST/STM32_USB_Device_Library/Class/CDC/Src/usbd_cdc.o
 .debug_aranges
                0x00000000000006a8       0xb8 Middlewares/ST/STM32_USB_Device_Library/Core/Src/usbd_core.o
 .debug_aranges
                0x0000000000000760       0x88 Middlewares/ST/STM32_USB_Device_Library/Core/Src/usbd_ctlreq.o
 .debug_aranges
                0x00000000000007e8       0x50 Middlewares/ST/STM32_USB_Device_Library/Core/Src/usbd_ioreq.o
 .debug_aranges
                0x0000000000000838       0x20 USB_DEVICE/usb_device.o
 .debug_aranges
                0x0000000000000858       0x40 USB_DEVICE/usbd_cdc_if.o
 .debug_aranges
                0x0000000000000898       0xf8 USB_DEVICE/usbd_conf.o
 .debug_aranges
                0x0000000000000990       0x50 USB_DEVICE/usbd_desc.o
 .debug_aranges
                0x00000000000009e0       0x28 startup/startup_stm32f407xx.o

.debug_ranges   0x0000000000000000      0x948
 .debug_ranges  0x0000000000000000       0x28 Core/Src/main.o
 .debug_ranges  0x0000000000000028       0x10 Core/Src/stm32f4xx_hal_msp.o
 .debug_ranges  0x0000000000000038       0x58 Core/Src/stm32f4xx_it.o
 .debug_ranges  0x0000000000000090       0x18 Core/Src/system_stm32f4xx.o
 .debug_ranges  0x00000000000000a8       0xd0 Drivers/STM32F4xx_HAL_Driver/Src/stm32f4xx_hal.o
 .debug_ranges  0x0000000000000178       0xf8 Drivers/STM32F4xx_HAL_Driver/Src/stm32f4xx_hal_cortex.o
 .debug_ranges  0x0000000000000270       0x48 Drivers/STM32F4xx_HAL_Driver/Src/stm32f4xx_hal_gpio.o
 .debug_ranges  0x00000000000002b8      0x110 Drivers/STM32F4xx_HAL_Driver/Src/stm32f4xx_hal_pcd.o
 .debug_ranges  0x00000000000003c8       0x18 Drivers/STM32F4xx_HAL_Driver/Src/stm32f4xx_hal_pcd_ex.o
 .debug_ranges  0x00000000000003e0       0x90 Drivers/STM32F4xx_HAL_Driver/Src/stm32f4xx_hal_rcc.o
 .debug_ranges  0x0000000000000470      0x170 Drivers/STM32F4xx_HAL_Driver/Src/stm32f4xx_ll_usb.o
 .debug_ranges  0x00000000000005e0       0x80 Middlewares/ST/STM32_USB_Device_Library/Class/CDC/Src/usbd_cdc.o
 .debug_ranges  0x0000000000000660       0xa8 Middlewares/ST/STM32_USB_Device_Library/Core/Src/usbd_core.o
 .debug_ranges  0x0000000000000708       0x78 Middlewares/ST/STM32_USB_Device_Library/Core/Src/usbd_ctlreq.o
 .debug_ranges  0x0000000000000780       0x40 Middlewares/ST/STM32_USB_Device_Library/Core/Src/usbd_ioreq.o
 .debug_ranges  0x00000000000007c0       0x10 USB_DEVICE/usb_device.o
 .debug_ranges  0x00000000000007d0       0x30 USB_DEVICE/usbd_cdc_if.o
 .debug_ranges  0x0000000000000800       0xe8 USB_DEVICE/usbd_conf.o
 .debug_ranges  0x00000000000008e8       0x40 USB_DEVICE/usbd_desc.o
 .debug_ranges  0x0000000000000928       0x20 startup/startup_stm32f407xx.o

.debug_macro    0x0000000000000000    0x2296f
 .debug_macro   0x0000000000000000      0x39a Core/Src/main.o
 .debug_macro   0x000000000000039a      0x8bc Core/Src/main.o
 .debug_macro   0x0000000000000c56       0x10 Core/Src/main.o
 .debug_macro   0x0000000000000c66      0x17a Core/Src/main.o
 .debug_macro   0x0000000000000de0       0x32 Core/Src/main.o
 .debug_macro   0x0000000000000e12       0x2f Core/Src/main.o
 .debug_macro   0x0000000000000e41       0x22 Core/Src/main.o
 .debug_macro   0x0000000000000e63       0x87 Core/Src/main.o
 .debug_macro   0x0000000000000eea       0x51 Core/Src/main.o
 .debug_macro   0x0000000000000f3b       0xef Core/Src/main.o
 .debug_macro   0x000000000000102a       0x6a Core/Src/main.o
 .debug_macro   0x0000000000001094      0x1df Core/Src/main.o
 .debug_macro   0x0000000000001273       0x35 Core/Src/main.o
 .debug_macro   0x00000000000012a8       0x50 Core/Src/main.o
 .debug_macro   0x00000000000012f8      0xe66 Core/Src/main.o
 .debug_macro   0x000000000000215e    0x15d08 Core/Src/main.o
 .debug_macro   0x0000000000017e66       0x43 Core/Src/main.o
 .debug_macro   0x0000000000017ea9     0x3535 Core/Src/main.o
 .debug_macro   0x000000000001b3de       0x58 Core/Src/main.o
 .debug_macro   0x000000000001b436       0x35 Core/Src/main.o
 .debug_macro   0x000000000001b46b       0x9c Core/Src/main.o
 .debug_macro   0x000000000001b507       0x16 Core/Src/main.o
 .debug_macro   0x000000000001b51d       0x97 Core/Src/main.o
 .debug_macro   0x000000000001b5b4      0x330 Core/Src/main.o
 .debug_macro   0x000000000001b8e4       0xfd Core/Src/main.o
 .debug_macro   0x000000000001b9e1       0x10 Core/Src/main.o
 .debug_macro   0x000000000001b9f1       0x58 Core/Src/main.o
 .debug_macro   0x000000000001ba49       0x1f Core/Src/main.o
 .debug_macro   0x000000000001ba68       0x43 Core/Src/main.o
 .debug_macro   0x000000000001baab       0x20 Core/Src/main.o
 .debug_macro   0x000000000001bacb      0x187 Core/Src/main.o
 .debug_macro   0x000000000001bc52       0x10 Core/Src/main.o
 .debug_macro   0x000000000001bc62       0x1c Core/Src/main.o
 .debug_macro   0x000000000001bc7e       0x52 Core/Src/main.o
 .debug_macro   0x000000000001bcd0       0x40 Core/Src/main.o
 .debug_macro   0x000000000001bd10       0x10 Core/Src/main.o
 .debug_macro   0x000000000001bd20       0x40 Core/Src/main.o
 .debug_macro   0x000000000001bd60       0xd7 Core/Src/main.o
 .debug_macro   0x000000000001be37       0x16 Core/Src/main.o
 .debug_macro   0x000000000001be4d      0x18b Core/Src/main.o
 .debug_macro   0x000000000001bfd8       0x50 Core/Src/main.o
 .debug_macro   0x000000000001c028      0x96b Core/Src/main.o
 .debug_macro   0x000000000001c993      0xa02 Core/Src/main.o
 .debug_macro   0x000000000001d395      0x11e Core/Src/main.o
 .debug_macro   0x000000000001d4b3      0x13e Core/Src/main.o
 .debug_macro   0x000000000001d5f1       0x27 Core/Src/main.o
 .debug_macro   0x000000000001d618      0x287 Core/Src/main.o
 .debug_macro   0x000000000001d89f       0x5f Core/Src/main.o
 .debug_macro   0x000000000001d8fe      0x23a Core/Src/main.o
 .debug_macro   0x000000000001db38      0x133 Core/Src/main.o
 .debug_macro   0x000000000001dc6b      0x21e Core/Src/main.o
 .debug_macro   0x000000000001de89       0x2e Core/Src/main.o
 .debug_macro   0x000000000001deb7      0x11e Core/Src/main.o
 .debug_macro   0x000000000001dfd5       0x7f Core/Src/main.o
 .debug_macro   0x000000000001e054       0x89 Core/Src/main.o
 .debug_macro   0x000000000001e0dd      0x1df Core/Src/main.o
 .debug_macro   0x000000000001e2bc      0x115 Core/Src/main.o
 .debug_macro   0x000000000001e3d1      0x134 Core/Src/main.o
 .debug_macro   0x000000000001e505       0x16 Core/Src/main.o
 .debug_macro   0x000000000001e51b       0x35 Core/Src/main.o
 .debug_macro   0x000000000001e550       0x16 Core/Src/main.o
 .debug_macro   0x000000000001e566       0x29 Core/Src/main.o
 .debug_macro   0x000000000001e58f       0x16 Core/Src/main.o
 .debug_macro   0x000000000001e5a5       0x71 Core/Src/main.o
 .debug_macro   0x000000000001e616      0x1c3 Core/Src/main.o
 .debug_macro   0x000000000001e7d9      0x319 Core/Src/stm32f4xx_hal_msp.o
 .debug_macro   0x000000000001eaf2      0x323 Core/Src/stm32f4xx_it.o
 .debug_macro   0x000000000001ee15      0x31f Core/Src/system_stm32f4xx.o
 .debug_macro   0x000000000001f134      0x379 Drivers/STM32F4xx_HAL_Driver/Src/stm32f4xx_hal.o
 .debug_macro   0x000000000001f4ad      0x319 Drivers/STM32F4xx_HAL_Driver/Src/stm32f4xx_hal_cortex.o
 .debug_macro   0x000000000001f7c6      0x351 Drivers/STM32F4xx_HAL_Driver/Src/stm32f4xx_hal_gpio.o
 .debug_macro   0x000000000001fb17      0x325 Drivers/STM32F4xx_HAL_Driver/Src/stm32f4xx_hal_pcd.o
 .debug_macro   0x000000000001fe3c      0x319 Drivers/STM32F4xx_HAL_Driver/Src/stm32f4xx_hal_pcd_ex.o
 .debug_macro   0x0000000000020155      0x33d Drivers/STM32F4xx_HAL_Driver/Src/stm32f4xx_hal_rcc.o
 .debug_macro   0x0000000000020492      0x320 Drivers/STM32F4xx_HAL_Driver/Src/stm32f4xx_ll_usb.o
 .debug_macro   0x00000000000207b2      0x3cf Middlewares/ST/STM32_USB_Device_Library/Class/CDC/Src/usbd_cdc.o
 .debug_macro   0x0000000000020b81       0x52 Middlewares/ST/STM32_USB_Device_Library/Class/CDC/Src/usbd_cdc.o
 .debug_macro   0x0000000000020bd3       0x8d Middlewares/ST/STM32_USB_Device_Library/Class/CDC/Src/usbd_cdc.o
 .debug_macro   0x0000000000020c60       0x57 Middlewares/ST/STM32_USB_Device_Library/Class/CDC/Src/usbd_cdc.o
 .debug_macro   0x0000000000020cb7       0x83 Middlewares/ST/STM32_USB_Device_Library/Class/CDC/Src/usbd_cdc.o
 .debug_macro   0x0000000000020d3a      0x3a8 Middlewares/ST/STM32_USB_Device_Library/Core/Src/usbd_core.o
 .debug_macro   0x00000000000210e2      0x1c9 Middlewares/ST/STM32_USB_Device_Library/Core/Src/usbd_core.o
 .debug_macro   0x00000000000212ab      0x3b2 Middlewares/ST/STM32_USB_Device_Library/Core/Src/usbd_ctlreq.o
 .debug_macro   0x000000000002165d      0x3ae Middlewares/ST/STM32_USB_Device_Library/Core/Src/usbd_ioreq.o
 .debug_macro   0x0000000000021a0b      0x3e9 USB_DEVICE/usb_device.o
 .debug_macro   0x0000000000021df4      0x3d3 USB_DEVICE/usbd_cdc_if.o
 .debug_macro   0x00000000000221c7      0x3b8 USB_DEVICE/usbd_conf.o
 .debug_macro   0x000000000002257f      0x3f0 USB_DEVICE/usbd_desc.o

.debug_line     0x0000000000000000     0xbfaa
 .debug_line    0x0000000000000000      0x923 Core/Src/main.o
 .debug_line    0x0000000000000923      0x7e2 Core/Src/stm32f4xx_hal_msp.o
 .debug_line    0x0000000000001105      0x878 Core/Src/stm32f4xx_it.o
 .debug_line    0x000000000000197d      0x80a Core/Src/system_stm32f4xx.o
 .debug_line    0x0000000000002187      0x9b5 Drivers/STM32F4xx_HAL_Driver/Src/stm32f4xx_hal.o
 .debug_line    0x0000000000002b3c      0x9f1 Drivers/STM32F4xx_HAL_Driver/Src/stm32f4xx_hal_cortex.o
 .debug_line    0x000000000000352d      0x965 Drivers/STM32F4xx_HAL_Driver/Src/stm32f4xx_hal_gpio.o
 .debug_line    0x0000000000003e92      0xce4 Drivers/STM32F4xx_HAL_Driver/Src/stm32f4xx_hal_pcd.o
 .debug_line    0x0000000000004b76      0x81f Drivers/STM32F4xx_HAL_Driver/Src/stm32f4xx_hal_pcd_ex.o
 .debug_line    0x0000000000005395      0xa41 Drivers/STM32F4xx_HAL_Driver/Src/stm32f4xx_hal_rcc.o
 .debug_line    0x0000000000005dd6      0xe41 Drivers/STM32F4xx_HAL_Driver/Src/stm32f4xx_ll_usb.o
 .debug_line    0x0000000000006c17      0xb06 Middlewares/ST/STM32_USB_Device_Library/Class/CDC/Src/usbd_cdc.o
 .debug_line    0x000000000000771d      0xb02 Middlewares/ST/STM32_USB_Device_Library/Core/Src/usbd_core.o
 .debug_line    0x000000000000821f      0xb17 Middlewares/ST/STM32_USB_Device_Library/Core/Src/usbd_ctlreq.o
 .debug_line    0x0000000000008d36      0x98d Middlewares/ST/STM32_USB_Device_Library/Core/Src/usbd_ioreq.o
 .debug_line    0x00000000000096c3      0x98f USB_DEVICE/usb_device.o
 .debug_line    0x000000000000a052      0x9e7 USB_DEVICE/usbd_cdc_if.o
 .debug_line    0x000000000000aa39      0xb66 USB_DEVICE/usbd_conf.o
 .debug_line    0x000000000000b59f      0x98c USB_DEVICE/usbd_desc.o
 .debug_line    0x000000000000bf2b       0x7f startup/startup_stm32f407xx.o

.debug_str      0x0000000000000000    0xbd8a1
 .debug_str     0x0000000000000000    0xbae06 Core/Src/main.o
                                      0xbb20b (size before relaxing)
 .debug_str     0x00000000000bae06       0x49 Core/Src/stm32f4xx_hal_msp.o
                                      0xba218 (size before relaxing)
 .debug_str     0x00000000000bae4f      0x3e4 Core/Src/stm32f4xx_it.o
                                      0xb9ff8 (size before relaxing)
 .debug_str     0x00000000000bb233       0xc4 Core/Src/system_stm32f4xx.o
                                      0xb9d89 (size before relaxing)
 .debug_str     0x00000000000bb2f7      0x5c6 Drivers/STM32F4xx_HAL_Driver/Src/stm32f4xx_hal.o
                                      0xba8f3 (size before relaxing)
 .debug_str     0x00000000000bb8bd      0x34f Drivers/STM32F4xx_HAL_Driver/Src/stm32f4xx_hal_cortex.o
                                      0xba635 (size before relaxing)
 .debug_str     0x00000000000bbc0c      0x1ec Drivers/STM32F4xx_HAL_Driver/Src/stm32f4xx_hal_gpio.o
                                      0xb9fc8 (size before relaxing)
 .debug_str     0x00000000000bbdf8      0x6d6 Drivers/STM32F4xx_HAL_Driver/Src/stm32f4xx_hal_pcd.o
                                      0xba661 (size before relaxing)
 .debug_str     0x00000000000bc4ce       0x4a Drivers/STM32F4xx_HAL_Driver/Src/stm32f4xx_hal_pcd_ex.o
                                      0xb9f97 (size before relaxing)
 .debug_str     0x00000000000bc518      0x214 Drivers/STM32F4xx_HAL_Driver/Src/stm32f4xx_hal_rcc.o
                                      0xba192 (size before relaxing)
 .debug_str     0x00000000000bc72c      0x3c5 Drivers/STM32F4xx_HAL_Driver/Src/stm32f4xx_ll_usb.o
                                      0xba5c8 (size before relaxing)
 .debug_str     0x00000000000bcaf1      0x61d Middlewares/ST/STM32_USB_Device_Library/Class/CDC/Src/usbd_cdc.o
                                      0xbaf93 (size before relaxing)
 .debug_str     0x00000000000bd10e      0x294 Middlewares/ST/STM32_USB_Device_Library/Core/Src/usbd_core.o
                                      0xbac6c (size before relaxing)
 .debug_str     0x00000000000bd3a2      0x125 Middlewares/ST/STM32_USB_Device_Library/Core/Src/usbd_ctlreq.o
                                      0xbab86 (size before relaxing)
 .debug_str     0x00000000000bd4c7       0x51 Middlewares/ST/STM32_USB_Device_Library/Core/Src/usbd_ioreq.o
                                      0xbaab3 (size before relaxing)
 .debug_str     0x00000000000bd518       0x45 USB_DEVICE/usb_device.o
                                      0xbad2a (size before relaxing)
 .debug_str     0x00000000000bd55d       0xae USB_DEVICE/usbd_cdc_if.o
                                      0xbae9e (size before relaxing)
 .debug_str     0x00000000000bd60b       0x58 USB_DEVICE/usbd_conf.o
                                      0xbb8aa (size before relaxing)
 .debug_str     0x00000000000bd663      0x23e USB_DEVICE/usbd_desc.o
                                      0xba969 (size before relaxing)

.comment        0x0000000000000000       0x7f
 .comment       0x0000000000000000       0x7f Core/Src/main.o
                                         0x80 (size before relaxing)
 .comment       0x000000000000007f       0x80 Core/Src/stm32f4xx_hal_msp.o
 .comment       0x000000000000007f       0x80 Core/Src/stm32f4xx_it.o
 .comment       0x000000000000007f       0x80 Core/Src/system_stm32f4xx.o
 .comment       0x000000000000007f       0x80 Drivers/STM32F4xx_HAL_Driver/Src/stm32f4xx_hal.o
 .comment       0x000000000000007f       0x80 Drivers/STM32F4xx_HAL_Driver/Src/stm32f4xx_hal_cortex.o
 .comment       0x000000000000007f       0x80 Drivers/STM32F4xx_HAL_Driver/Src/stm32f4xx_hal_gpio.o
 .comment       0x000000000000007f       0x80 Drivers/STM32F4xx_HAL_Driver/Src/stm32f4xx_hal_pcd.o
 .comment       0x000000000000007f       0x80 Drivers/STM32F4xx_HAL_Driver/Src/stm32f4xx_hal_pcd_ex.o
 .comment       0x000000000000007f       0x80 Drivers/STM32F4xx_HAL_Driver/Src/stm32f4xx_hal_rcc.o
 .comment       0x000000000000007f       0x80 Drivers/STM32F4xx_HAL_Driver/Src/stm32f4xx_ll_usb.o
 .comment       0x000000000000007f       0x80 Middlewares/ST/STM32_USB_Device_Library/Class/CDC/Src/usbd_cdc.o
 .comment       0x000000000000007f       0x80 Middlewares/ST/STM32_USB_Device_Library/Core/Src/usbd_core.o
 .comment       0x000000000000007f       0x80 Middlewares/ST/STM32_USB_Device_Library/Core/Src/usbd_ctlreq.o
 .comment       0x000000000000007f       0x80 Middlewares/ST/STM32_USB_Device_Library/Core/Src/usbd_ioreq.o
 .comment       0x000000000000007f       0x80 USB_DEVICE/usb_device.o
 .comment       0x000000000000007f       0x80 USB_DEVICE/usbd_cdc_if.o
 .comment       0x000000000000007f       0x80 USB_DEVICE/usbd_conf.o
 .comment       0x000000000000007f       0x80 USB_DEVICE/usbd_desc.o

.debug_frame    0x0000000000000000     0x19f0
 .debug_frame   0x0000000000000000       0x78 Core/Src/main.o
 .debug_frame   0x0000000000000078       0x30 Core/Src/stm32f4xx_hal_msp.o
 .debug_frame   0x00000000000000a8       0xc0 Core/Src/stm32f4xx_it.o
 .debug_frame   0x0000000000000168       0x30 Core/Src/system_stm32f4xx.o
 .debug_frame   0x0000000000000198      0x1cc Drivers/STM32F4xx_HAL_Driver/Src/stm32f4xx_hal.o
 .debug_frame   0x0000000000000364      0x15c Drivers/STM32F4xx_HAL_Driver/Src/stm32f4xx_hal_cortex.o
 .debug_frame   0x00000000000004c0       0xd0 Drivers/STM32F4xx_HAL_Driver/Src/stm32f4xx_hal_gpio.o
 .debug_frame   0x0000000000000590      0x2e8 Drivers/STM32F4xx_HAL_Driver/Src/stm32f4xx_hal_pcd.o
 .debug_frame   0x0000000000000878       0x3c Drivers/STM32F4xx_HAL_Driver/Src/stm32f4xx_hal_pcd_ex.o
 .debug_frame   0x00000000000008b4      0x174 Drivers/STM32F4xx_HAL_Driver/Src/stm32f4xx_hal_rcc.o
 .debug_frame   0x0000000000000a28      0x49c Drivers/STM32F4xx_HAL_Driver/Src/stm32f4xx_ll_usb.o
 .debug_frame   0x0000000000000ec4      0x14c Middlewares/ST/STM32_USB_Device_Library/Class/CDC/Src/usbd_cdc.o
 .debug_frame   0x0000000000001010      0x1bc Middlewares/ST/STM32_USB_Device_Library/Core/Src/usbd_core.o
 .debug_frame   0x00000000000011cc      0x178 Middlewares/ST/STM32_USB_Device_Library/Core/Src/usbd_ctlreq.o
 .debug_frame   0x0000000000001344       0xb8 Middlewares/ST/STM32_USB_Device_Library/Core/Src/usbd_ioreq.o
 .debug_frame   0x00000000000013fc       0x28 USB_DEVICE/usb_device.o
 .debug_frame   0x0000000000001424       0x7c USB_DEVICE/usbd_cdc_if.o
 .debug_frame   0x00000000000014a0      0x2b0 USB_DEVICE/usbd_conf.o
 .debug_frame   0x0000000000001750       0xa8 USB_DEVICE/usbd_desc.o
 .debug_frame   0x00000000000017f8       0x2c /home/martian/Ac6/SystemWorkbench/plugins/fr.ac6.mcu.externaltools.arm-none.linux64_1.15.0.201708311556/tools/compiler/bin/../lib/gcc/arm-none-eabi/6.3.1/thumb/v7e-m/fpv4-sp/hard/libgcc.a(_aeabi_uldivmod.o)
 .debug_frame   0x0000000000001824       0x34 /home/martian/Ac6/SystemWorkbench/plugins/fr.ac6.mcu.externaltools.arm-none.linux64_1.15.0.201708311556/tools/compiler/bin/../lib/gcc/arm-none-eabi/6.3.1/thumb/v7e-m/fpv4-sp/hard/libgcc.a(_udivmoddi4.o)
 .debug_frame   0x0000000000001858       0x2c /home/martian/Ac6/SystemWorkbench/plugins/fr.ac6.mcu.externaltools.arm-none.linux64_1.15.0.201708311556/tools/compiler/bin/../lib/gcc/arm-none-eabi/6.3.1/../../../../arm-none-eabi/lib/thumb/v7e-m/fpv4-sp/hard/libc_nano.a(lib_a-init.o)
 .debug_frame   0x0000000000001884       0x30 /home/martian/Ac6/SystemWorkbench/plugins/fr.ac6.mcu.externaltools.arm-none.linux64_1.15.0.201708311556/tools/compiler/bin/../lib/gcc/arm-none-eabi/6.3.1/../../../../arm-none-eabi/lib/thumb/v7e-m/fpv4-sp/hard/libc_nano.a(lib_a-malloc.o)
 .debug_frame   0x00000000000018b4       0x38 /home/martian/Ac6/SystemWorkbench/plugins/fr.ac6.mcu.externaltools.arm-none.linux64_1.15.0.201708311556/tools/compiler/bin/../lib/gcc/arm-none-eabi/6.3.1/../../../../arm-none-eabi/lib/thumb/v7e-m/fpv4-sp/hard/libc_nano.a(lib_a-nano-freer.o)
 .debug_frame   0x00000000000018ec       0x2c /home/martian/Ac6/SystemWorkbench/plugins/fr.ac6.mcu.externaltools.arm-none.linux64_1.15.0.201708311556/tools/compiler/bin/../lib/gcc/arm-none-eabi/6.3.1/../../../../arm-none-eabi/lib/thumb/v7e-m/fpv4-sp/hard/libc_nano.a(lib_a-nano-mallocr.o)
 .debug_frame   0x0000000000001918       0x2c /home/martian/Ac6/SystemWorkbench/plugins/fr.ac6.mcu.externaltools.arm-none.linux64_1.15.0.201708311556/tools/compiler/bin/../lib/gcc/arm-none-eabi/6.3.1/../../../../arm-none-eabi/lib/thumb/v7e-m/fpv4-sp/hard/libc_nano.a(lib_a-sbrkr.o)
 .debug_frame   0x0000000000001944       0x30 /home/martian/Ac6/SystemWorkbench/plugins/fr.ac6.mcu.externaltools.arm-none.linux64_1.15.0.201708311556/tools/compiler/bin/../lib/gcc/arm-none-eabi/6.3.1/../../../../arm-none-eabi/lib/thumb/v7e-m/fpv4-sp/hard/libc_nano.a(lib_a-mlock.o)
 .debug_frame   0x0000000000001974       0x5c /home/martian/Ac6/SystemWorkbench/plugins/fr.ac6.mcu.externaltools.arm-none.linux64_1.15.0.201708311556/tools/compiler/bin/../lib/gcc/arm-none-eabi/6.3.1/../../../../arm-none-eabi/lib/thumb/v7e-m/fpv4-sp/hard/libc_nano.a(lib_a-reent.o)
 .debug_frame   0x00000000000019d0       0x20 /home/martian/Ac6/SystemWorkbench/plugins/fr.ac6.mcu.externaltools.arm-none.linux64_1.15.0.201708311556/tools/compiler/bin/../lib/gcc/arm-none-eabi/6.3.1/../../../../arm-none-eabi/lib/thumb/v7e-m/fpv4-sp/hard/libnosys.a(sbrk.o)

.debug_loc      0x0000000000000000     0x5c3e
 .debug_loc     0x0000000000000000      0x13e Core/Src/system_stm32f4xx.o
 .debug_loc     0x000000000000013e      0x108 Drivers/STM32F4xx_HAL_Driver/Src/stm32f4xx_hal.o
 .debug_loc     0x0000000000000246      0x5ce Drivers/STM32F4xx_HAL_Driver/Src/stm32f4xx_hal_cortex.o
 .debug_loc     0x0000000000000814      0x3fd Drivers/STM32F4xx_HAL_Driver/Src/stm32f4xx_hal_gpio.o
 .debug_loc     0x0000000000000c11      0xc84 Drivers/STM32F4xx_HAL_Driver/Src/stm32f4xx_hal_pcd.o
 .debug_loc     0x0000000000001895       0xb7 Drivers/STM32F4xx_HAL_Driver/Src/stm32f4xx_hal_pcd_ex.o
 .debug_loc     0x000000000000194c      0x3e6 Drivers/STM32F4xx_HAL_Driver/Src/stm32f4xx_hal_rcc.o
 .debug_loc     0x0000000000001d32     0x1582 Drivers/STM32F4xx_HAL_Driver/Src/stm32f4xx_ll_usb.o
 .debug_loc     0x00000000000032b4      0x4b9 Middlewares/ST/STM32_USB_Device_Library/Class/CDC/Src/usbd_cdc.o
 .debug_loc     0x000000000000376d      0x71c Middlewares/ST/STM32_USB_Device_Library/Core/Src/usbd_core.o
 .debug_loc     0x0000000000003e89      0xb78 Middlewares/ST/STM32_USB_Device_Library/Core/Src/usbd_ctlreq.o
 .debug_loc     0x0000000000004a01      0x23c Middlewares/ST/STM32_USB_Device_Library/Core/Src/usbd_ioreq.o
 .debug_loc     0x0000000000004c3d      0x163 USB_DEVICE/usbd_cdc_if.o
 .debug_loc     0x0000000000004da0      0xbe7 USB_DEVICE/usbd_conf.o
 .debug_loc     0x0000000000005987      0x2b7 USB_DEVICE/usbd_desc.o
